15:45:34 CC: x20
15:45:34 CC: 05 00 01 A6 00 -> 01 04 05 00 10 00 02 00 E4
15:45:34 CC: 02 00 01 E5 00 -> 01 0B 02 00 30 05 00 05 00 06 08 04 02 04 02 9E
15:45:38 CC: x21
15:45:38 CC: 03 00 01 A6 00 -> 01 04 03 00 00 00 00 00 F8
15:45:38 CC: 02 00 01 E5 00 -> 01 0B 02 00 30 05 00 05 00 06 08 04 02 04 02 9E
15:45:43 CC: x25
15:45:43 CC: 04 00 01 A6 00 -> 01 04 04 00 42 00 01 00 B4
15:45:43 CC: 02 00 01 E5 00 -> 01 0B 02 00 30 05 00 05 00 06 08 04 02 04 02 9E
15:45:46 CC: x15
15:45:46 CC: 05 00 01 A6 00 -> 01 04 05 00 10 00 02 00 E4
15:45:46 CC: 02 00 01 E5 00 -> 01 0B 02 00 30 05 00 05 00 06 08 04 02 04 02 9E
15:45:50 CC: x18
15:45:50 CC: 03 00 01 A6 00 -> 01 04 03 00 00 00 00 00 F8
15:45:50 CC: 02 00 01 E5 00 -> 01 0B 02 00 30 05 00 05 00 06 08 04 02 04 02 9E
15:45:53 CC: x19
15:45:53 CC: 04 00 01 A6 00 -> 01 04 04 00 42 00 01 00 B4
15:45:53 CC: 02 00 01 E5 00 -> 01 0B 02 00 30 05 00 05 00 06 08 04 02 04 02 9E
15:45:58 CC: x25
15:45:58 CC: 05 00 01 A6 00 -> 01 04 05 00 10 00 02 00 E4
15:45:58 CC: 02 00 01 E5 00 -> 01 0B 02 00 30 05 00 05 00 06 08 04 02 04 02 9E
15:46:02 CC: x19
15:46:02 CC: 03 00 01 A6 00 -> 01 04 03 00 00 00 00 00 F8
15:46:02 CC: 02 00 01 E5 00 -> 01 0B 02 00 30 05 00 05 00 06 08 04 02 04 02 9E
15:46:06 CC: x24
15:46:06 CC: 04 00 01 A6 00 -> 01 04 04 00 42 00 01 00 B4
15:46:06 CC: 02 00 01 E5 00 -> 01 0B 02 00 30 05 00 05 00 06 08 04 02 04 02 9E
15:46:10 CC: x22
15:46:10 CC: 05 00 01 A6 00 -> 01 04 05 00 10 00 02 00 E4
15:46:11 CC: 02 00 01 E5 00 -> 01 0B 02 00 30 05 00 05 00 06 08 04 02 04 02 9E
15:46:14 CC: x21
15:46:14 CC: 03 00 01 A6 00 -> 01 04 03 00 00 00 00 00 F8
15:46:15 CC: 02 00 01 E5 00 -> 01 0B 02 00 30 05 00 05 00 06 08 04 02 04 02 9E
15:46:18 CC: x19
15:46:18 CC: 04 00 01 A6 00 -> 01 04 04 00 42 00 01 00 B4
15:46:18 CC: 02 00 01 E5 00 -> 01 0B 02 00 30 05 00 05 00 06 08 04 02 04 02 9E
15:46:21 CC: x14
15:46:21 CC: 05 00 01 A6 00 -> 01 04 05 00 10 00 02 00 E4
15:46:21 CC: 02 00 01 E5 00 -> 01 0B 02 00 30 05 00 05 00 06 08 04 02 04 02 9E
15:46:25 CC: x23
15:46:25 CC: 03 00 01 A6 00 -> 01 04 03 00 00 00 00 00 F8
15:46:25 CC: 02 00 01 E5 00 -> 01 0B 02 00 30 05 00 05 00 06 08 04 02 04 02 9E
15:46:28 CC: x17
15:46:28 CC: 04 00 01 A6 00 -> 01 04 04 00 42 00 01 00 B4
15:46:29 CC: 02 00 01 E5 00 -> 01 0B 02 00 30 05 00 05 00 06 08 04 02 04 02 9E
15:46:32 CC: x17
15:46:32 CC: 05 00 01 A6 00 -> 01 04 05 00 10 00 02 00 E4
15:46:32 CC: 02 00 01 E5 00 -> 01 0B 02 00 30 05 00 05 00 06 08 04 02 04 02 9E
15:46:35 CC: x14
15:46:35 CC: 03 00 01 A6 00 -> 01 04 03 00 00 00 00 00 F8
15:46:35 CC: 02 00 01 E5 00 -> 01 0B 02 00 30 05 00 05 00 06 08 04 02 04 02 9E
15:46:38 CC: x17
15:46:38 CC: 04 00 01 A6 00 -> 01 04 04 00 42 00 01 00 B4
15:46:38 CC: 02 00 01 E5 00 -> 01 0B 02 00 30 05 00 05 00 06 08 04 02 04 02 9E
15:46:41 CC: x17
15:46:41 CC: 05 00 01 A6 00 -> 01 04 05 00 10 00 02 00 E4
15:46:41 CC: 02 00 01 E5 00 -> 01 0B 02 00 30 05 00 05 00 06 08 04 02 04 02 9E
15:46:45 CC: x21
15:46:45 CC: 03 00 01 A6 00 -> 01 04 03 00 00 00 00 00 F8
15:46:45 CC: 02 00 01 E5 00 -> 01 0B 02 00 30 05 00 05 00 06 08 04 02 04 02 9E
15:46:48 CC: x15
15:46:48 CC: 04 00 01 A6 00 -> 01 04 04 00 42 00 01 00 B4
15:46:48 CC: 02 00 01 E5 00 -> 01 0B 02 00 30 05 00 05 00 06 08 04 02 04 02 9E
15:46:51 CC: x14
15:46:51 CC: 05 00 01 A6 00 -> 01 04 05 00 10 00 02 00 E4
15:46:51 CC: 02 00 01 E5 00 -> 01 0B 02 00 30 05 00 05 00 06 08 04 02 04 02 9E
15:46:54 CC: x19
15:46:54 CC: 03 00 01 A6 00 -> 01 04 03 00 00 00 00 00 F8
15:46:54 CC: 02 00 01 E5 00 -> 01 0B 02 00 30 05 00 05 00 06 08 04 02 04 02 9E
15:46:58 CC: x22
15:46:58 CC: 04 00 01 A6 00 -> 01 04 04 00 42 00 01 00 B4
15:46:59 CC: 02 00 01 E5 00 -> 01 0B 02 00 30 05 00 05 00 06 08 04 02 04 02 9E
15:47:02 CC: x20
15:47:02 CC: 05 00 01 A6 00 -> 01 04 05 00 10 00 02 00 E4
15:47:02 CC: 02 00 01 E5 00 -> 01 0B 02 00 30 05 00 05 00 06 08 04 02 04 02 9E
15:47:07 CC: x23
15:47:07 CC: 03 00 01 A6 00 -> 01 04 03 00 00 00 00 00 F8
15:47:07 CC: 02 00 01 E5 00 -> 01 0B 02 00 30 05 00 05 00 06 08 04 02 04 02 9E
15:47:11 CC: x22
15:47:11 CC: 04 00 01 A6 00 -> 01 04 04 00 42 00 01 00 B4
15:47:11 CC: 02 00 01 E5 00 -> 01 0B 02 00 30 05 00 05 00 06 08 04 02 04 02 9E
15:47:15 CC: x21
15:47:15 CC: 05 00 01 A6 00 -> 01 04 05 00 10 00 02 00 E4
15:47:15 CC: 02 00 01 E5 00 -> 01 0B 02 00 30 05 00 05 00 06 08 04 02 04 02 9E
15:47:20 CC: x26
15:47:20 CC: 03 00 01 A6 00 -> 01 04 03 00 00 00 00 00 F8
15:47:20 CC: 02 00 01 E5 00 -> 01 0B 02 00 30 05 00 05 00 06 08 04 02 04 02 9E
15:47:24 CC: x23
15:47:24 CC: 04 00 01 A6 00 -> 01 04 04 00 42 00 01 00 B4
15:47:25 CC: 02 00 01 E5 00 -> 01 0B 02 00 30 05 00 05 00 06 08 04 02 04 02 9E
15:47:28 CC: x19
15:47:28 CC: 05 00 01 A6 00 -> 01 04 05 00 10 00 02 00 E4
15:47:28 CC: 02 00 01 E5 00 -> 01 0B 02 00 30 05 00 05 00 06 08 04 02 04 02 9E
15:47:31 CC: x17
15:47:31 CC: 03 00 01 A6 00 -> 01 04 03 00 00 00 00 00 F8
15:47:31 CC: 02 00 01 E5 00 -> 01 0B 02 00 30 05 00 05 00 06 08 04 02 04 02 9E
15:47:35 CC: x17
15:47:35 CC: 04 00 01 A6 00 -> 01 04 04 00 42 00 01 00 B4
15:47:35 CC: 02 00 01 E5 00 -> 01 0B 02 00 30 05 00 05 00 06 08 04 02 04 02 9E
15:47:38 CC: x18
15:47:38 CC: 05 00 01 A6 00 -> 01 04 05 00 10 00 02 00 E4
15:47:38 CC: 02 00 01 E5 00 -> 01 0B 02 00 30 05 00 05 00 06 08 04 02 04 02 9E
15:47:41 CC: x16
15:47:41 CC: 03 00 01 A6 00 -> 01 04 03 00 00 00 00 00 F8
15:47:41 CC: 02 00 01 E5 00 -> 01 0B 02 00 30 05 00 05 00 06 08 04 02 04 02 9E
15:47:44 CC: x17
15:47:44 CC: 04 00 01 A6 00 -> 01 04 04 00 42 00 01 00 B4
15:47:45 CC: 02 00 01 E5 00 -> 01 0B 02 00 30 05 00 05 00 06 08 04 02 04 02 9E
15:47:48 CC: x20
15:47:48 CC: 05 00 01 A6 00 -> 01 04 05 00 10 00 02 00 E4
15:47:48 CC: 02 00 01 E5 00 -> 01 0B 02 00 30 05 00 05 00 06 08 04 02 04 02 9E
15:47:53 CC: x25
15:47:53 CC: 03 00 01 A6 00 -> 01 04 03 00 00 00 00 00 F8
15:47:53 CC: 02 00 01 E5 00 -> 01 0B 02 00 30 05 00 05 00 06 08 04 02 04 02 9E
15:47:58 CC: x25
15:47:58 CC: 04 00 01 A6 00 -> 01 04 04 00 42 00 01 00 B4
15:47:58 CC: 02 00 01 E5 00 -> 01 0B 02 00 30 05 00 05 00 06 08 04 02 04 02 9E
15:48:02 CC: x19
15:48:02 CC: 05 00 01 A6 00 -> 01 04 05 00 10 00 02 00 E4
15:48:02 CC: 02 00 01 E5 00 -> 01 0B 02 00 30 05 00 05 00 06 08 04 02 04 02 9E
15:48:05 CC: x21
15:48:05 CC: 03 00 01 A6 00 -> 01 04 03 00 00 00 00 00 F8
15:48:06 CC: 02 00 01 E5 00 -> 01 0B 02 00 30 05 00 05 00 06 08 04 02 04 02 9E
15:48:09 CC: x19
15:48:09 CC: 04 00 01 A6 00 -> 01 04 04 00 42 00 01 00 B4
15:48:09 CC: 02 00 01 E5 00 -> 01 0B 02 00 30 05 00 05 00 06 08 04 02 04 02 9E
15:48:12 CC: x15
15:48:12 CC: 05 00 01 A6 00 -> 01 04 05 00 10 00 02 00 E4
15:48:12 CC: 02 00 01 E5 00 -> 01 0B 02 00 30 05 00 05 00 06 08 04 02 04 02 9E
15:48:15 CC: x17
15:48:15 CC: 03 00 01 A6 00 -> 01 04 03 00 00 00 00 00 F8
15:48:15 CC: 02 00 01 E5 00 -> 01 0B 02 00 30 05 00 05 00 06 08 04 02 04 02 9E
15:48:20 CC: x24
15:48:20 CC: 04 00 01 A6 00 -> 01 04 04 00 42 00 01 00 B4
15:48:20 CC: 02 00 01 E5 00 -> 01 0B 02 00 30 05 00 05 00 06 08 04 02 04 02 9E
15:48:23 CC: x16
15:48:23 CC: 05 00 01 A6 00 -> 01 04 05 00 10 00 02 00 E4
15:48:23 CC: 02 00 01 E5 00 -> 01 0B 02 00 30 05 00 05 00 06 08 04 02 04 02 9E
15:48:26 CC: x16
15:48:26 CC: 03 00 01 A6 00 -> 01 04 03 00 00 00 00 00 F8
15:48:26 CC: 02 00 01 E5 00 -> 01 0B 02 00 30 05 00 05 00 06 08 04 02 04 02 9E
15:48:30 CC: x20
15:48:30 CC: 04 00 01 A6 00 -> 01 04 04 00 42 00 01 00 B4
15:48:30 CC: 02 00 01 E5 00 -> 01 0B 02 00 30 05 00 05 00 06 08 04 02 04 02 9E
15:48:33 CC: x18
15:48:33 CC: 05 00 01 A6 00 -> 01 04 05 00 10 00 02 00 E4
15:48:33 CC: 02 00 01 E5 00 -> 01 0B 02 00 30 05 00 05 00 06 08 04 02 04 02 9E
15:48:38 CC: x22
15:48:38 CC: 03 00 01 A6 00 -> 01 04 03 00 00 00 00 00 F8
15:48:38 CC: 02 00 01 E5 00 -> 01 0B 02 00 30 05 00 05 00 06 08 04 02 04 02 9E
15:48:40 CC: x13
15:48:40 CC: 04 00 01 A6 00 -> 01 04 04 00 42 00 01 00 B4
15:48:40 CC: 02 00 01 E5 00 -> 01 0B 02 00 30 05 00 05 00 06 08 04 02 04 02 9E
15:48:44 CC: x20
15:48:44 CC: 05 00 01 A6 00 -> 01 04 05 00 10 00 02 00 E4
15:48:44 CC: 02 00 01 E5 00 -> 01 0B 02 00 30 05 00 05 00 06 08 04 02 04 02 9E
15:48:46 CC: x13
15:48:46 CC: 03 00 01 A6 00 -> 01 04 03 00 00 00 00 00 F8
15:48:47 CC: 02 00 01 E5 00 -> 01 0B 02 00 30 05 00 05 00 06 08 04 02 04 02 9E
15:48:50 CC: x18
15:48:50 CC: 04 00 01 A6 00 -> 01 04 04 00 42 00 01 00 B4
15:48:50 CC: 02 00 01 E5 00 -> 01 0B 02 00 30 05 00 05 00 06 08 04 02 04 02 9E
15:48:53 CC: x14
15:48:53 CC: 05 00 01 A6 00 -> 01 04 05 00 10 00 02 00 E4
15:48:53 CC: 02 00 01 E5 00 -> 01 0B 02 00 30 05 00 05 00 06 08 04 02 04 02 9E
15:48:57 CC: x23
15:48:57 CC: 03 00 01 A6 00 -> 01 04 03 00 00 00 00 00 F8
15:48:57 CC: 02 00 01 E5 00 -> 01 0B 02 00 30 05 00 05 00 06 08 04 02 04 02 9E
15:49:02 CC: x24
15:49:02 CC: 04 00 01 A6 00 -> 01 04 04 00 42 00 01 00 B4
15:49:02 CC: 02 00 01 E5 00 -> 01 0B 02 00 30 05 00 05 00 06 08 04 02 04 02 9E
15:49:06 CC: x20
15:49:06 CC: 05 00 01 A6 00 -> 01 04 05 00 10 00 02 00 E4
15:49:06 CC: 02 00 01 E5 00 -> 01 0B 02 00 30 05 00 05 00 06 08 04 02 04 02 9E
15:49:09 CC: x17
15:49:09 CC: 03 00 01 A6 00 -> 01 04 03 00 00 00 00 00 F8
15:49:09 CC: 02 00 01 E5 00 -> 01 0B 02 00 30 05 00 05 00 06 08 04 02 04 02 9E
15:49:13 CC: x20
15:49:13 CC: 04 00 01 A6 00 -> 01 04 04 00 42 00 01 00 B4
15:49:13 CC: 02 00 01 E5 00 -> 01 0B 02 00 30 05 00 05 00 06 08 04 02 04 02 9E
15:49:16 CC: x20
15:49:16 CC: 05 00 01 A6 00 -> 01 04 05 00 10 00 02 00 E4
15:49:17 CC: 02 00 01 E5 00 -> 01 0B 02 00 30 05 00 05 00 06 08 04 02 04 02 9E
15:49:21 CC: x24
15:49:21 CC: 03 00 01 A6 00 -> 01 04 03 00 00 00 00 00 F8
15:49:21 CC: 02 00 01 E5 00 -> 01 0B 02 00 30 05 00 05 00 06 08 04 02 04 02 9E
15:49:25 CC: x19
15:49:25 CC: 04 00 01 A6 00 -> 01 04 04 00 42 00 01 00 B4
15:49:25 CC: 02 00 01 E5 00 -> 01 0B 02 00 30 05 00 05 00 06 08 04 02 04 02 9E
15:49:28 CC: x16
15:49:28 CC: 05 00 01 A6 00 -> 01 04 05 00 10 00 02 00 E4
15:49:28 CC: 02 00 01 E5 00 -> 01 0B 02 00 30 05 00 05 00 06 08 04 02 04 02 9E
15:49:32 CC: x22
15:49:32 CC: 03 00 01 A6 00 -> 01 04 03 00 00 00 00 00 F8
15:49:32 CC: 02 00 01 E5 00 -> 01 0B 02 00 30 05 00 05 00 06 08 04 02 04 02 9E
15:49:36 CC: x23
15:49:36 CC: 04 00 01 A6 00 -> 01 04 04 00 42 00 01 00 B4
15:49:36 CC: 02 00 01 E5 00 -> 01 0B 02 00 30 05 00 05 00 06 08 04 02 04 02 9E
15:49:39 CC: x15
15:49:39 CC: 05 00 01 A6 00 -> 01 04 05 00 10 00 02 00 E4
15:49:39 CC: 02 00 01 E5 00 -> 01 0B 02 00 30 05 00 05 00 06 08 04 02 04 02 9E
15:49:42 CC: x14
15:49:42 CC: 03 00 01 A6 00 -> 01 04 03 00 00 00 00 00 F8
15:49:42 CC: 02 00 01 E5 00 -> 01 0B 02 00 30 05 00 05 00 06 08 04 02 04 02 9E
15:49:47 CC: x25
15:49:47 CC: 04 00 01 A6 00 -> 01 04 04 00 42 00 01 00 B4
15:49:47 CC: 02 00 01 E5 00 -> 01 0B 02 00 30 05 00 05 00 06 08 04 02 04 02 9E
15:49:51 CC: x23
15:49:51 CC: 05 00 01 A6 00 -> 01 04 05 00 10 00 02 00 E4
15:49:51 CC: 02 00 01 E5 00 -> 01 0B 02 00 30 05 00 05 00 06 08 04 02 04 02 9E
15:49:55 CC: x22
15:49:55 CC: 03 00 01 A6 00 -> 01 04 03 00 00 00 00 00 F8
15:49:55 CC: 02 00 01 E5 00 -> 01 0B 02 00 30 05 00 05 00 06 08 04 02 04 02 9E
15:49:59 CC: x19
15:49:59 CC: 04 00 01 A6 00 -> 01 04 04 00 42 00 01 00 B4
15:49:59 CC: 02 00 01 E5 00 -> 01 0B 02 00 30 05 00 05 00 06 08 04 02 04 02 9E
15:50:02 CC: x18
15:50:02 CC: 05 00 01 A6 00 -> 01 04 05 00 10 00 02 00 E4
15:50:03 CC: 02 00 01 E5 00 -> 01 0B 02 00 30 05 00 05 00 06 08 04 02 04 02 9E
15:50:06 CC: x16
15:50:06 CC: 03 00 01 A6 00 -> 01 04 03 00 00 00 00 00 F8
15:50:06 CC: 02 00 01 E5 00 -> 01 0B 02 00 30 05 00 05 00 06 08 04 02 04 02 9E
15:50:09 CC: x17
15:50:09 CC: 04 00 01 A6 00 -> 01 04 04 00 42 00 01 00 B4
15:50:09 CC: 02 00 01 E5 00 -> 01 0B 02 00 30 05 00 05 00 06 08 04 02 04 02 9E
15:50:13 CC: x22
15:50:13 CC: 05 00 01 A6 00 -> 01 04 05 00 10 00 02 00 E4
15:50:13 CC: 02 00 01 E5 00 -> 01 0B 02 00 30 05 00 05 00 06 08 04 02 04 02 9E
15:50:18 CC: x23
15:50:18 CC: 03 00 01 A6 00 -> 01 04 03 00 00 00 00 00 F8
15:50:18 CC: 02 00 01 E5 00 -> 01 0B 02 00 30 05 00 05 00 06 08 04 02 04 02 9E
15:50:22 CC: x23
15:50:22 CC: 04 00 01 A6 00 -> 01 04 04 00 42 00 01 00 B4
15:50:22 CC: 02 00 01 E5 00 -> 01 0B 02 00 30 05 00 05 00 06 08 04 02 04 02 9E
15:50:27 CC: x26
15:50:27 CC: 05 00 01 A6 00 -> 01 04 05 00 10 00 02 00 E4
15:50:27 CC: 02 00 01 E5 00 -> 01 0B 02 00 30 05 00 05 00 06 08 04 02 04 02 9E
15:50:32 CC: x25
15:50:32 CC: 03 00 01 A6 00 -> 01 04 03 00 00 00 00 00 F8
15:50:32 CC: 02 00 01 E5 00 -> 01 0B 02 00 30 05 00 05 00 06 08 04 02 04 02 9E
15:50:35 CC: x15
15:50:35 CC: 04 00 01 A6 00 -> 01 04 04 00 42 00 01 00 B4
15:50:35 CC: 02 00 01 E5 00 -> 01 0B 02 00 30 05 00 05 00 06 08 04 02 04 02 9E
15:50:38 CC: x19
15:50:38 CC: 02 02 01 E7 00 00 00 -> 01 00 02 00 FD
15:50:38 CC: 02 01 01 E4 00 00 -> 01 00 02 00 FD
15:50:38 CC: 02 02 01 DE 28 00 00 -> 01 00 02 00 FD
15:50:38 CC: 02 02 01 D2 01 00 00 -> 01 00 02 00 FD
15:50:38 CC: 02 02 01 D2 02 00 00 -> 01 00 02 00 FD
15:50:38 CC: 02 02 01 D2 03 00 00 -> 01 00 02 00 FD
15:50:38 CC: 02 02 01 D2 04 02 00 -> 01 00 02 00 FD
15:50:38 CC: 02 02 01 D2 05 01 00 -> 01 00 02 00 FD
15:50:38 CC: 02 02 01 D2 06 08 00 -> 01 00 02 00 FD
15:50:38 CC: 02 02 01 E7 3F 00 00 -> 01 00 02 00 FD
15:50:38 CC: 02 01 01 E4 01 00 -> 01 00 02 00 FD
15:50:39 CC: 02 00 01 E5 00 -> 01 0B 02 00 30 05 00 05 00 06 08 04 02 04 02 9E
15:50:39 CC: x2
15:50:39 CC: 05 00 01 A6 00 -> 01 04 05 00 10 00 02 00 E4
15:50:39 CC: 02 00 01 E5 00 -> 01 0B 02 00 30 05 00 05 00 06 08 04 02 04 02 9E
15:50:43 CC: x20
15:50:43 CC: 03 00 01 A6 00 -> 01 04 03 00 00 00 00 00 F8
15:50:43 CC: 02 00 01 E5 00 -> 01 0B 02 00 30 05 00 05 00 06 08 04 02 04 02 9E
15:50:46 CC: x13
15:50:46 CC: 04 00 01 A6 00 -> 01 04 04 00 42 00 01 00 B4
15:50:46 CC: 02 00 01 E5 00 -> 01 0B 02 00 30 05 00 05 00 06 08 04 02 04 02 9E
15:50:48 CC: x14
15:50:48 CC: 05 00 01 A6 00 -> 01 04 05 00 10 00 02 00 E4
15:50:48 CC: 02 00 01 E5 00 -> 01 0B 02 00 30 05 00 05 00 06 08 04 02 04 02 9E
15:50:49 CC: x5
15:50:49 CC: 02 02 01 E7 00 00 00 -> 01 00 02 00 FD
15:50:49 CC: 02 01 01 E4 00 00 -> 01 00 02 00 FD
15:50:49 CC: 02 00 01 E5 00 -> 01 0B 02 00 30 05 00 05 00 06 08 04 02 04 02 9E
15:50:50 CC: x5
15:50:50 CC: 03 00 01 A6 00 -> 01 04 03 00 00 00 00 00 F8
15:50:51 CC: 04 00 01 A6 00 -> 01 04 04 00 42 00 01 00 B4
15:50:51 CC: 04 01 01 A4 A5 00 -> 01 00 04 00 FB
15:50:51 CC: 04 04 01 A7 4E 61 BC 01 00 -> 01 00 04 00 FB
15:50:51 CC: 04 00 01 A6 00 -> 01 04 04 00 43 01 00 00 B3
15:50:51 CC: 05 00 01 A6 00 -> 01 04 05 00 10 00 02 00 E4
15:50:51 CC: 03 00 01 A6 00 -> 01 04 03 00 00 00 00 00 F8
15:50:51 CC: 04 00 01 A6 00 -> 01 04 04 00 43 01 00 01 B2
15:50:51 CC: 02 00 01 E5 00 -> 01 0B 02 00 30 05 00 05 00 06 08 04 02 04 02 9E
15:50:51 CC: 05 00 01 A6 00 -> 01 04 05 00 10 00 02 00 E4
15:50:52 CC: 03 00 01 A6 00 -> 01 04 03 00 00 00 00 00 F8
15:50:52 CC: 04 00 01 A6 00 -> 01 04 04 00 43 01 00 01 B2
15:50:52 CC: 05 00 01 A6 00 -> 01 04 05 00 10 00 02 00 E4
15:50:52 CC: 03 00 01 A6 00 -> 01 04 03 00 00 00 00 00 F8
15:50:52 CC: 02 00 01 E5 00 -> 01 0B 02 00 30 05 00 05 00 06 08 04 02 04 02 9E
15:50:52 CC: 04 00 01 A6 00 -> 01 04 04 00 43 01 00 01 B2
15:50:53 CC: 05 00 01 A6 00 -> 01 04 05 00 10 00 02 00 E4
15:50:53 CC: 03 00 01 A6 00 -> 01 04 03 00 00 00 00 00 F8
15:50:53 CC: 04 00 01 A6 00 -> 01 04 04 00 43 01 00 01 B2
15:50:53 CC: 05 00 01 A6 00 -> 01 04 05 00 10 00 02 00 E4
15:50:53 CC: 02 00 01 E5 00 -> 01 0B 02 00 30 05 00 05 00 06 08 04 02 04 02 9E
15:50:53 CC: 03 00 01 A6 00 -> 01 04 03 00 00 00 00 00 F8
15:50:54 CC: 04 00 01 A6 00 -> 01 04 04 00 43 01 00 01 B2
15:50:54 CC: 05 00 01 A6 00 -> 01 04 05 00 10 00 02 00 E4
15:50:54 CC: 03 00 01 A6 00 -> 01 04 03 00 00 00 00 00 F8
15:50:54 CC: 04 00 01 A6 00 -> 01 04 04 00 43 01 00 01 B2
15:50:54 CC: 02 00 01 E5 00 -> 01 0B 02 00 30 05 00 05 00 06 08 04 02 04 02 9E
15:50:54 CC: 05 00 01 A6 00 -> 01 04 05 00 10 00 02 00 E4
15:50:55 CC: 03 00 01 A6 00 -> 01 04 03 00 00 00 00 00 F8
15:50:55 CC: 04 00 01 A6 00 -> 01 04 04 00 43 01 00 01 B2
15:50:55 CC: 05 00 01 A6 00 -> 01 04 05 00 10 00 02 00 E4
15:50:55 CC: 03 00 01 A6 00 -> 01 04 03 00 00 00 00 00 F8
15:50:55 CC: 02 00 01 E5 00 -> 01 0B 02 00 30 05 00 05 00 06 08 04 02 04 02 9E
15:50:55 CC: 04 00 01 A6 00 -> 01 04 04 00 43 01 00 01 B2
15:50:56 CC: 05 00 01 A6 00 -> 01 04 05 00 10 00 02 00 E4
15:50:56 CC: 03 00 01 A6 00 -> 01 04 03 00 00 00 00 00 F8
15:50:56 CC: 04 00 01 A6 00 -> 01 04 04 00 43 01 00 01 B2
15:50:56 CC: 05 00 01 A6 00 -> 01 04 05 00 10 00 02 00 E4
15:50:56 CC: 02 00 01 E5 00 -> 01 0B 02 00 30 05 00 05 00 06 08 04 02 04 02 9E
15:50:56 CC: 03 00 01 A6 00 -> 01 04 03 00 00 00 00 00 F8
15:50:57 CC: 04 00 01 A6 00 -> 01 04 04 00 43 01 00 01 B2
15:50:57 CC: 05 00 01 A6 00 -> 01 04 05 00 10 00 02 00 E4
15:50:57 CC: 03 00 01 A6 00 -> 01 04 03 00 00 00 00 00 F8
15:50:57 CC: 04 00 01 A6 00 -> 01 04 04 00 43 01 00 01 B2
15:50:57 CC: 02 00 01 E5 00 -> 01 0B 02 00 30 05 00 05 00 06 08 04 02 04 02 9E
15:50:57 CC: 05 00 01 A6 00 -> 01 04 05 00 10 00 02 00 E4
15:50:58 CC: 03 00 01 A6 00 -> 01 04 03 00 00 00 00 00 F8
15:50:58 CC: 04 00 01 A6 00 -> 01 04 04 00 43 01 00 01 B2
15:50:58 CC: 05 00 01 A6 00 -> 01 04 05 00 10 00 02 00 E4
15:50:58 CC: 03 00 01 A6 00 -> 01 04 03 00 00 00 00 00 F8
15:50:58 CC: 02 00 01 E5 00 -> 01 0B 02 00 30 05 00 05 00 06 08 04 02 04 02 9E
15:50:58 CC: 04 00 01 A6 00 -> 01 04 04 00 43 01 00 01 B2
15:50:59 CC: 05 00 01 A6 00 -> 01 04 05 00 10 00 02 00 E4
15:50:59 CC: 03 00 01 A6 00 -> 01 04 03 00 00 00 00 00 F8
15:50:59 CC: 04 00 01 A6 00 -> 01 04 04 00 43 01 00 01 B2
15:50:59 CC: 05 00 01 A6 00 -> 01 04 05 00 10 00 02 00 E4
15:50:59 CC: 02 00 01 E5 00 -> 01 0B 02 00 30 05 00 05 00 06 08 04 02 04 02 9E
15:50:59 CC: 03 00 01 A6 00 -> 01 04 03 00 00 00 00 00 F8
15:51:00 CC: 04 00 01 A6 00 -> 01 04 04 00 43 01 00 01 B2
15:51:00 CC: 05 00 01 A6 00 -> 01 04 05 00 10 00 02 00 E4
15:51:00 CC: 03 00 01 A6 00 -> 01 04 03 00 00 00 00 00 F8
15:51:00 CC: 04 00 01 A6 00 -> 01 04 04 00 43 01 00 01 B2
15:51:00 CC: 02 00 01 E5 00 -> 01 0B 02 00 30 05 00 05 00 06 08 04 02 04 02 9E
15:51:00 CC: 05 00 01 A6 00 -> 01 04 05 00 10 00 02 00 E4
15:51:01 CC: 03 00 01 A6 00 -> 01 04 03 00 00 00 00 00 F8
15:51:01 CC: 04 00 01 A6 00 -> 01 04 04 00 43 01 00 01 B2
15:51:01 CC: 05 00 01 A6 00 -> 01 04 05 00 10 00 02 00 E4
15:51:01 CC: 03 00 01 A6 00 -> 01 04 03 00 00 00 00 00 F8
15:51:01 CC: 02 00 01 E5 00 -> 01 0B 02 00 30 05 00 05 00 06 08 04 02 04 02 9E
15:51:01 CC: 04 00 01 A6 00 -> 01 04 04 00 43 01 00 01 B2
15:51:02 CC: 05 00 01 A6 00 -> 01 04 05 00 10 00 02 00 E4
15:51:02 CC: 03 00 01 A6 00 -> 01 04 03 00 00 00 00 00 F8
15:51:02 CC: 04 00 01 A6 00 -> 01 04 04 00 43 01 00 01 B2
15:51:02 CC: 05 00 01 A6 00 -> 01 04 05 00 10 00 02 00 E4
15:51:02 CC: 02 00 01 E5 00 -> 01 0B 02 00 30 05 00 05 00 06 08 04 02 04 02 9E
15:51:02 CC: 03 00 01 A6 00 -> 01 04 03 00 00 00 00 00 F8
15:51:03 CC: 04 00 01 A6 00 -> 01 04 04 00 43 01 00 01 B2
15:51:03 CC: 05 00 01 A6 00 -> 01 04 05 00 10 00 02 00 E4
15:51:03 CC: 03 00 01 A6 00 -> 01 04 03 00 00 00 00 00 F8
15:51:03 CC: 04 00 01 A6 00 -> 01 04 04 00 43 01 00 01 B2
15:51:03 CC: 02 00 01 E5 00 -> 01 0B 02 00 30 05 00 05 00 06 08 04 02 04 02 9E
15:51:03 CC: 05 00 01 A6 00 -> 01 04 05 00 10 00 02 00 E4
15:51:04 CC: 03 00 01 A6 00 -> 01 04 03 00 00 00 00 00 F8
15:51:04 CC: 04 00 01 A6 00 -> 01 04 04 00 43 01 00 01 B2
15:51:04 CC: 05 00 01 A6 00 -> 01 04 05 00 10 00 02 00 E4
15:51:04 CC: 03 00 01 A6 00 -> 01 04 03 00 00 00 00 00 F8
15:51:04 CC: 02 00 01 E5 00 -> 01 0B 02 00 30 05 00 05 00 06 08 04 02 04 02 9E
15:51:04 CC: 04 00 01 A6 00 -> 01 04 04 00 43 01 00 01 B2
15:51:05 CC: 05 00 01 A6 00 -> 01 04 05 00 10 00 02 00 E4
15:51:05 CC: 03 00 01 A6 00 -> 01 04 03 00 00 00 00 00 F8
15:51:05 CC: 04 00 01 A6 00 -> 01 04 04 00 43 01 00 01 B2
15:51:05 CC: 05 00 01 A6 00 -> 01 04 05 00 10 00 02 00 E4
15:51:05 CC: 02 00 01 E5 00 -> 01 0B 02 00 30 05 00 05 00 06 08 04 02 04 02 9E
15:51:05 CC: 03 00 01 A6 00 -> 01 04 03 00 00 00 00 00 F8
15:51:06 CC: 04 00 01 A6 00 -> 01 04 04 00 43 01 00 01 B2
15:51:06 CC: 05 00 01 A6 00 -> 01 04 05 00 10 00 02 00 E4
15:51:06 CC: 03 00 01 A6 00 -> 01 04 03 00 00 00 00 00 F8
15:51:06 CC: 04 00 01 A6 00 -> 01 04 04 00 43 01 00 01 B2
15:51:06 CC: 02 00 01 E5 00 -> 01 0B 02 00 30 05 00 05 00 06 08 04 02 04 02 9E
15:51:06 CC: 05 00 01 A6 00 -> 01 04 05 00 10 00 02 00 E4
15:51:07 CC: 03 00 01 A6 00 -> 01 04 03 00 00 00 00 00 F8
15:51:07 CC: 04 00 01 A6 00 -> 01 04 04 00 43 01 00 01 B2
15:51:07 CC: 05 00 01 A6 00 -> 01 04 05 00 10 00 02 00 E4
15:51:07 CC: 03 00 01 A6 00 -> 01 04 03 00 00 00 00 00 F8
15:51:07 CC: 02 00 01 E5 00 -> 01 0B 02 00 30 05 00 05 00 06 08 04 02 04 02 9E
15:51:07 CC: 04 00 01 A6 00 -> 01 04 04 00 43 01 00 01 B2
15:51:08 CC: 05 00 01 A6 00 -> 01 04 05 00 10 00 02 00 E4
15:51:08 CC: 03 00 01 A6 00 -> 01 04 03 00 00 00 00 00 F8
15:51:08 CC: 04 00 01 A6 00 -> 01 04 04 00 43 01 00 01 B2
15:51:08 CC: 05 00 01 A6 00 -> 01 04 05 00 10 00 02 00 E4
15:51:08 CC: 02 00 01 E5 00 -> 01 0B 02 00 30 05 00 05 00 06 08 04 02 04 02 9E
15:51:08 CC: 03 00 01 A6 00 -> 01 04 03 00 00 00 00 00 F8
15:51:09 CC: 04 00 01 A6 00 -> 01 04 04 00 43 01 00 01 B2
15:51:09 CC: 05 00 01 A6 00 -> 01 04 05 00 10 00 02 00 E4
15:51:09 CC: 03 00 01 A6 00 -> 01 04 03 00 00 00 00 00 F8
15:51:09 CC: 04 00 01 A6 00 -> 01 04 04 00 43 01 00 01 B2
15:51:09 CC: 02 00 01 E5 00 -> 01 0B 02 00 30 05 00 05 00 06 08 04 02 04 02 9E
15:51:09 CC: 05 00 01 A6 00 -> 01 04 05 00 10 00 02 00 E4
15:51:10 CC: 03 00 01 A6 00 -> 01 04 03 00 00 00 00 00 F8
15:51:10 CC: 04 00 01 A6 00 -> 01 04 04 00 43 01 00 01 B2
15:51:10 CC: 05 00 01 A6 00 -> 01 04 05 00 10 00 02 00 E4
15:51:10 CC: 03 00 01 A6 00 -> 01 04 03 00 00 00 00 00 F8
15:51:10 CC: 02 00 01 E5 00 -> 01 0B 02 00 30 05 00 05 00 06 08 04 02 04 02 9E
15:51:10 CC: 04 00 01 A6 00 -> 01 04 04 00 43 01 00 01 B2
15:51:11 CC: 05 00 01 A6 00 -> 01 04 05 00 10 00 02 00 E4
15:51:11 CC: 03 00 01 A6 00 -> 01 04 03 00 00 00 00 00 F8
15:51:11 CC: 04 00 01 A6 00 -> 01 04 04 00 43 01 00 01 B2
15:51:11 CC: 05 00 01 A6 00 -> 01 04 05 00 10 00 02 00 E4
15:51:11 CC: 02 00 01 E5 00 -> 01 0B 02 00 30 05 00 05 00 06 08 04 02 04 02 9E
15:51:11 CC: 03 00 01 A6 00 -> 01 04 03 00 00 00 00 00 F8
15:51:11 CC: 04 00 01 A6 00 -> 01 04 04 00 43 01 00 01 B2
15:51:12 CC: 05 00 01 A6 00 -> 01 04 05 00 10 00 02 00 E4
15:51:12 CC: 03 00 01 A6 00 -> 01 04 03 00 00 00 00 00 F8
15:51:12 CC: 04 00 01 A6 00 -> 01 04 04 00 43 01 00 01 B2
15:51:12 CC: 02 00 01 E5 00 -> 01 0B 02 00 30 05 00 05 00 06 08 04 02 04 02 9E
15:51:12 CC: 05 00 01 A6 00 -> 01 04 05 00 10 00 02 00 E4
15:51:13 CC: 03 00 01 A6 00 -> 01 04 03 00 00 00 00 00 F8
15:51:13 CC: 04 00 01 A6 00 -> 01 04 04 00 43 01 00 01 B2
15:51:13 CC: 05 00 01 A6 00 -> 01 04 05 00 10 00 02 00 E4
15:51:13 CC: 03 00 01 A6 00 -> 01 04 03 00 00 00 00 00 F8
15:51:13 CC: 02 00 01 E5 00 -> 01 0B 02 00 30 05 00 05 00 06 08 04 02 04 02 9E
15:51:13 CC: 04 00 01 A6 00 -> 01 04 04 00 43 01 00 01 B2
15:51:13 CC: 05 00 01 A6 00 -> 01 04 05 00 10 00 02 00 E4
15:51:14 CC: 03 00 01 A6 00 -> 01 04 03 00 00 00 00 00 F8
15:51:14 CC: 04 00 01 A6 00 -> 01 04 04 00 43 01 00 01 B2
15:51:14 CC: 05 00 01 A6 00 -> 01 04 05 00 10 00 02 00 E4
15:51:14 CC: 02 00 01 E5 00 -> 01 0B 02 00 30 05 00 05 00 06 08 04 02 04 02 9E
15:51:14 CC: 03 00 01 A6 00 -> 01 04 03 00 00 00 00 00 F8
15:51:14 CC: 04 00 01 A6 00 -> 01 04 04 00 43 01 00 01 B2
15:51:15 CC: 05 00 01 A6 00 -> 01 04 05 00 10 00 02 00 E4
15:51:15 CC: 03 00 01 A6 00 -> 01 04 03 00 00 00 00 00 F8
15:51:15 CC: 04 00 01 A6 00 -> 01 04 04 00 43 01 00 01 B2
15:51:15 CC: 02 00 01 E5 00 -> 01 0B 02 00 30 05 00 05 00 06 08 04 02 04 02 9E
15:51:15 CC: 05 00 01 A6 00 -> 01 04 05 00 10 00 02 00 E4
15:51:15 CC: 03 00 01 A6 00 -> 01 04 03 00 00 00 00 00 F8
15:51:16 CC: 04 00 01 A6 00 -> 01 04 04 00 43 01 00 01 B2
15:51:16 CC: 05 00 01 A6 00 -> 01 04 05 00 10 00 02 00 E4
15:51:16 CC: 03 00 01 A6 00 -> 01 04 03 00 00 00 00 00 F8
15:51:16 CC: 02 00 01 E5 00 -> 01 0B 02 00 30 05 00 05 00 06 08 04 02 04 02 9E
15:51:16 CC: 04 00 01 A6 00 -> 01 04 04 00 43 01 00 01 B2
15:51:16 CC: 05 00 01 A6 00 -> 01 04 05 00 10 00 02 00 E4
15:51:17 CC: 03 00 01 A6 00 -> 01 04 03 00 00 00 00 00 F8
15:51:17 CC: 04 00 01 A6 00 -> 01 04 04 00 43 01 00 01 B2
15:51:17 CC: 05 00 01 A6 00 -> 01 04 05 00 10 00 02 00 E4
15:51:17 CC: 02 00 01 E5 00 -> 01 0B 02 00 30 05 00 05 00 06 08 04 02 04 02 9E
15:51:17 CC: 03 00 01 A6 00 -> 01 04 03 00 00 00 00 00 F8
15:51:17 CC: 04 00 01 A6 00 -> 01 04 04 00 43 01 00 01 B2
15:51:18 CC: 05 00 01 A6 00 -> 01 04 05 00 10 00 02 00 E4
15:51:18 CC: 03 00 01 A6 00 -> 01 04 03 00 00 00 00 00 F8
15:51:18 CC: 04 00 01 A6 00 -> 01 04 04 00 43 01 00 01 B2
15:51:18 CC: 02 00 01 E5 00 -> 01 0B 02 00 30 05 00 05 00 06 08 04 02 04 02 9E
15:51:18 CC: 05 00 01 A6 00 -> 01 04 05 00 10 00 02 00 E4
15:51:18 CC: 03 00 01 A6 00 -> 01 04 03 00 00 00 00 00 F8
15:51:19 CC: 04 00 01 A6 00 -> 01 04 04 00 43 01 00 01 B2
15:51:19 CC: 05 00 01 A6 00 -> 01 04 05 00 10 00 02 00 E4
15:51:19 CC: 03 00 01 A6 00 -> 01 04 03 00 00 00 00 00 F8
15:51:19 CC: 02 00 01 E5 00 -> 01 0B 02 00 30 05 00 05 00 06 08 04 02 04 02 9E
15:51:19 CC: 04 00 01 A6 00 -> 01 04 04 00 43 01 00 01 B2
15:51:19 CC: 05 00 01 A6 00 -> 01 04 05 00 10 00 02 00 E4
15:51:20 CC: 03 00 01 A6 00 -> 01 04 03 00 00 00 00 00 F8
15:51:20 CC: 04 00 01 A6 00 -> 01 04 04 00 43 01 00 01 B2
15:51:20 CC: 05 00 01 A6 00 -> 01 04 05 00 10 00 02 00 E4
15:51:20 CC: 02 00 01 E5 00 -> 01 0B 02 00 30 05 00 05 00 06 08 04 02 04 02 9E
15:51:20 CC: 03 00 01 A6 00 -> 01 04 03 00 00 00 00 00 F8
15:51:20 CC: 04 00 01 A6 00 -> 01 04 04 00 43 01 00 01 B2
15:51:21 CC: 05 00 01 A6 00 -> 01 04 05 00 10 00 02 00 E4
15:51:21 CC: 03 00 01 A6 00 -> 01 04 03 00 00 00 00 00 F8
15:51:21 CC: 04 00 01 A6 00 -> 01 04 04 00 43 01 00 01 B2
15:51:21 CC: 02 00 01 E5 00 -> 01 0B 02 00 30 05 00 05 00 06 08 04 02 04 02 9E
15:51:21 CC: 05 00 01 A6 00 -> 01 04 05 00 10 00 02 00 E4
15:51:21 CC: 03 00 01 A6 00 -> 01 04 03 00 00 00 00 00 F8
15:51:22 CC: 04 00 01 A6 00 -> 01 04 04 00 43 01 00 01 B2
15:51:22 CC: 05 00 01 A6 00 -> 01 04 05 00 10 00 02 00 E4
15:51:22 CC: 03 00 01 A6 00 -> 01 04 03 00 00 00 00 00 F8
15:51:22 CC: 02 00 01 E5 00 -> 01 0B 02 00 30 05 00 05 00 06 08 04 02 04 02 9E
15:51:22 CC: 04 00 01 A6 00 -> 01 04 04 00 43 01 00 01 B2
15:51:22 CC: 05 00 01 A6 00 -> 01 04 05 00 10 00 02 00 E4
15:51:23 CC: 03 00 01 A6 00 -> 01 04 03 00 00 00 00 00 F8
15:51:23 CC: 04 00 01 A6 00 -> 01 04 04 00 43 01 00 01 B2
15:51:23 CC: 05 00 01 A6 00 -> 01 04 05 00 10 00 02 00 E4
15:51:23 CC: 02 00 01 E5 00 -> 01 0B 02 00 30 05 00 05 00 06 08 04 02 04 02 9E
15:51:23 CC: 03 00 01 A6 00 -> 01 04 03 00 00 00 00 00 F8
15:51:23 CC: 04 00 01 A6 00 -> 01 04 04 00 43 01 00 01 B2
15:51:24 CC: 05 00 01 A6 00 -> 01 04 05 00 10 00 02 00 E4
15:51:24 CC: 03 00 01 A6 00 -> 01 04 03 00 00 00 00 00 F8
15:51:24 CC: 04 00 01 A6 00 -> 01 04 04 00 43 01 00 01 B2
15:51:24 CC: 02 00 01 E5 00 -> 01 0B 02 00 30 05 00 05 00 06 08 04 02 04 02 9E
15:51:24 CC: 05 00 01 A6 00 -> 01 04 05 00 10 00 02 00 E4
15:51:24 CC: 03 00 01 A6 00 -> 01 04 03 00 00 00 00 00 F8
15:51:25 CC: 04 00 01 A6 00 -> 01 04 04 00 43 01 00 01 B2
15:51:25 CC: 05 00 01 A6 00 -> 01 04 05 00 10 00 02 00 E4
15:51:25 CC: 03 00 01 A6 00 -> 01 04 03 00 00 00 00 00 F8
15:51:25 CC: 02 00 01 E5 00 -> 01 0B 02 00 30 05 00 05 00 06 08 04 02 04 02 9E
15:51:25 CC: 04 00 01 A6 00 -> 01 04 04 00 43 01 00 01 B2
15:51:25 CC: 05 00 01 A6 00 -> 01 04 05 00 10 00 02 00 E4
15:51:26 CC: 03 00 01 A6 00 -> 01 04 03 00 00 00 00 00 F8
15:51:26 CC: 04 00 01 A6 00 -> 01 04 04 00 43 01 00 01 B2
15:51:26 CC: 05 00 01 A6 00 -> 01 04 05 00 10 00 02 00 E4
15:51:26 CC: 02 00 01 E5 00 -> 01 0B 02 00 30 05 00 05 00 06 08 04 02 04 02 9E
15:51:26 CC: 03 00 01 A6 00 -> 01 04 03 00 00 00 00 00 F8
15:51:26 CC: 04 00 01 A6 00 -> 01 04 04 00 43 01 00 01 B2
15:51:27 CC: 05 00 01 A6 00 -> 01 04 05 00 10 00 02 00 E4
15:51:27 CC: 03 00 01 A6 00 -> 01 04 03 00 00 00 00 00 F8
15:51:27 CC: 04 00 01 A6 00 -> 01 04 04 00 43 01 00 01 B2
15:51:27 CC: 02 00 01 E5 00 -> 01 0B 02 00 30 05 00 05 00 06 08 04 02 04 02 9E
15:51:27 CC: 05 00 01 A6 00 -> 01 04 05 00 10 00 02 00 E4
15:51:27 CC: 03 00 01 A6 00 -> 01 04 03 00 00 00 00 00 F8
15:51:28 CC: 04 00 01 A6 00 -> 01 04 04 00 43 01 00 01 B2
15:51:28 CC: 05 00 01 A6 00 -> 01 04 05 00 10 00 02 00 E4
15:51:28 CC: 03 00 01 A6 00 -> 01 04 03 00 00 00 00 00 F8
15:51:28 CC: 02 00 01 E5 00 -> 01 0B 02 00 30 05 00 05 00 06 08 04 02 04 02 9E
15:51:28 CC: 04 00 01 A6 00 -> 01 04 04 00 43 01 00 01 B2
15:51:28 CC: 05 00 01 A6 00 -> 01 04 05 00 10 00 02 00 E4
15:51:29 CC: 03 00 01 A6 00 -> 01 04 03 00 00 00 00 00 F8
15:51:29 CC: 04 00 01 A6 00 -> 01 04 04 00 43 01 00 01 B2
15:51:29 CC: 05 00 01 A6 00 -> 01 04 05 00 10 00 02 00 E4
15:51:29 CC: 02 00 01 E5 00 -> 01 0B 02 00 30 05 00 05 00 06 08 04 02 04 02 9E
15:51:29 CC: 03 00 01 A6 00 -> 01 04 03 00 00 00 00 00 F8
15:51:29 CC: 04 00 01 A6 00 -> 01 04 04 00 43 01 00 01 B2
15:51:30 CC: 05 00 01 A6 00 -> 01 04 05 00 10 00 02 00 E4
15:51:30 CC: 03 00 01 A6 00 -> 01 04 03 00 00 00 00 00 F8
15:51:30 CC: 04 00 01 A6 00 -> 01 04 04 00 43 01 00 01 B2
15:51:30 CC: 02 00 01 E5 00 -> 01 0B 02 00 30 05 00 05 00 06 08 04 02 04 02 9E
15:51:30 CC: 05 00 01 A6 00 -> 01 04 05 00 10 00 02 00 E4
15:51:30 CC: 03 00 01 A6 00 -> 01 04 03 00 00 00 00 00 F8
15:51:31 CC: 04 00 01 A6 00 -> 01 04 04 00 43 01 00 01 B2
15:51:31 CC: 05 00 01 A6 00 -> 01 04 05 00 10 00 02 00 E4
15:51:31 CC: 03 00 01 A6 00 -> 01 04 03 00 00 00 00 00 F8
15:51:31 CC: 02 00 01 E5 00 -> 01 0B 02 00 30 05 00 05 00 06 08 04 02 04 02 9E
15:51:31 CC: 04 00 01 A6 00 -> 01 04 04 00 43 01 00 01 B2
15:51:31 CC: 05 00 01 A6 00 -> 01 04 05 00 10 00 02 00 E4
15:51:32 CC: 03 00 01 A6 00 -> 01 04 03 00 00 00 00 00 F8
15:51:32 CC: 04 00 01 A6 00 -> 01 04 04 00 43 01 00 01 B2
15:51:32 CC: 05 00 01 A6 00 -> 01 04 05 00 10 00 02 00 E4
15:51:32 CC: 02 00 01 E5 00 -> 01 0B 02 00 30 05 00 05 00 06 08 04 02 04 02 9E
15:51:32 CC: 03 00 01 A6 00 -> 01 04 03 00 00 00 00 00 F8
15:51:33 CC: 04 00 01 A6 00 -> 01 04 04 00 43 01 00 01 B2
15:51:33 CC: 05 00 01 A6 00 -> 01 04 05 00 10 00 02 00 E4
15:51:33 CC: 03 00 01 A6 00 -> 01 04 03 00 00 00 00 00 F8
15:51:33 CC: 04 00 01 A6 00 -> 01 04 04 00 43 01 00 01 B2
15:51:33 CC: 02 00 01 E5 00 -> 01 0B 02 00 30 05 00 05 00 06 08 04 02 04 02 9E
15:51:33 CC: 05 00 01 A6 00 -> 01 04 05 00 10 00 02 00 E4
15:51:33 CC: 03 00 01 A6 00 -> 01 04 03 00 00 00 00 00 F8
15:51:34 CC: 04 00 01 A6 00 -> 01 04 04 00 43 01 00 01 B2
15:51:34 CC: 05 00 01 A6 00 -> 01 04 05 00 10 00 02 00 E4
15:51:34 CC: 03 00 01 A6 00 -> 01 04 03 00 00 00 00 00 F8
15:51:34 CC: 02 00 01 E5 00 -> 01 0B 02 00 30 05 00 05 00 06 08 04 02 04 02 9E
15:51:34 CC: 04 00 01 A6 00 -> 01 04 04 00 43 01 00 01 B2
15:51:35 CC: 05 00 01 A6 00 -> 01 04 05 00 10 00 02 00 E4
15:51:35 CC: 03 00 01 A6 00 -> 01 04 03 00 00 00 00 00 F8
15:51:35 CC: 04 00 01 A6 00 -> 01 04 04 00 43 01 00 01 B2
15:51:35 CC: 05 00 01 A6 00 -> 01 04 05 00 10 00 02 00 E4
15:51:35 CC: 02 00 01 E5 00 -> 01 0B 02 00 30 05 00 05 00 06 08 04 02 04 02 9E
15:51:35 CC: 03 00 01 A6 00 -> 01 04 03 00 00 00 00 00 F8
15:51:36 CC: 04 00 01 A6 00 -> 01 04 04 00 43 01 00 01 B2
15:51:36 CC: 05 00 01 A6 00 -> 01 04 05 00 10 00 02 00 E4
15:51:36 CC: 03 00 01 A6 00 -> 01 04 03 00 00 00 00 00 F8
15:51:36 CC: 04 00 01 A6 00 -> 01 04 04 00 43 01 00 01 B2
15:51:36 CC: 02 00 01 E5 00 -> 01 0B 02 00 30 05 00 05 00 06 08 04 02 04 02 9E
15:51:36 CC: 05 00 01 A6 00 -> 01 04 05 00 10 00 02 00 E4
15:51:37 CC: 03 00 01 A6 00 -> 01 04 03 00 00 00 00 00 F8
15:51:37 CC: 04 00 01 A6 00 -> 01 04 04 00 43 01 00 01 B2
15:51:37 CC: 05 00 01 A6 00 -> 01 04 05 00 10 00 02 00 E4
15:51:37 CC: 03 00 01 A6 00 -> 01 04 03 00 00 00 00 00 F8
15:51:37 CC: 02 00 01 E5 00 -> 01 0B 02 00 30 05 00 05 00 06 08 04 02 04 02 9E
15:51:37 CC: 04 00 01 A6 00 -> 01 04 04 00 43 01 00 01 B2
15:51:38 CC: 05 00 01 A6 00 -> 01 04 05 00 10 00 02 00 E4
15:51:38 CC: 03 00 01 A6 00 -> 01 04 03 00 00 00 00 00 F8
15:51:38 CC: 04 00 01 A6 00 -> 01 04 04 00 43 01 00 01 B2
15:51:38 CC: 05 00 01 A6 00 -> 01 04 05 00 10 00 02 00 E4
15:51:38 CC: 02 00 01 E5 00 -> 01 0B 02 00 30 05 00 05 00 06 08 04 02 04 02 9E
15:51:38 CC: 03 00 01 A6 00 -> 01 04 03 00 00 00 00 00 F8
15:51:39 CC: 04 00 01 A6 00 -> 01 04 04 00 43 01 00 01 B2
15:51:39 CC: 05 00 01 A6 00 -> 01 04 05 00 10 00 02 00 E4
15:51:39 CC: 03 00 01 A6 00 -> 01 04 03 00 00 00 00 00 F8
15:51:39 CC: 04 00 01 A6 00 -> 01 04 04 00 43 01 00 01 B2
15:51:39 CC: 02 00 01 E5 00 -> 01 0B 02 00 30 05 00 05 00 06 08 04 02 04 02 9E
15:51:39 CC: 05 00 01 A6 00 -> 01 04 05 00 10 00 02 00 E4
15:51:40 CC: 03 00 01 A6 00 -> 01 04 03 00 00 00 00 00 F8
15:51:40 CC: 04 00 01 A6 00 -> 01 04 04 00 43 01 00 01 B2
15:51:40 CC: 05 00 01 A6 00 -> 01 04 05 00 10 00 02 00 E4
15:51:40 CC: 03 00 01 A6 00 -> 01 04 03 00 00 00 00 00 F8
15:51:40 CC: 02 00 01 E5 00 -> 01 0B 02 00 30 05 00 05 00 06 08 04 02 04 02 9E
15:51:40 CC: 04 00 01 A6 00 -> 01 04 04 00 43 01 00 01 B2
15:51:41 CC: 05 00 01 A6 00 -> 01 04 05 00 10 00 02 00 E4
15:51:41 CC: 03 00 01 A6 00 -> 01 04 03 00 00 00 00 00 F8
15:51:41 CC: 04 00 01 A6 00 -> 01 04 04 00 43 01 00 01 B2
15:51:41 CC: 05 00 01 A6 00 -> 01 04 05 00 10 00 02 00 E4
15:51:41 CC: 02 00 01 E5 00 -> 01 0B 02 00 30 05 00 05 00 06 08 04 02 04 02 9E
15:51:41 CC: 03 00 01 A6 00 -> 01 04 03 00 00 00 00 00 F8
15:51:42 CC: 04 00 01 A6 00 -> 01 04 04 00 43 01 00 01 B2
15:51:42 CC: 05 00 01 A6 00 -> 01 04 05 00 10 00 02 00 E4
15:51:42 CC: 03 00 01 A6 00 -> 01 04 03 00 00 00 00 00 F8
15:51:42 CC: 04 00 01 A6 00 -> 01 04 04 00 43 01 00 01 B2
15:51:42 CC: 02 00 01 E5 00 -> 01 0B 02 00 30 05 00 05 00 06 08 04 02 04 02 9E
15:51:42 CC: 05 00 01 A6 00 -> 01 04 05 00 10 00 02 00 E4
15:51:43 CC: 03 00 01 A6 00 -> 01 04 03 00 00 00 00 00 F8
15:51:43 CC: 04 00 01 A6 00 -> 01 04 04 00 43 01 00 01 B2
15:51:43 CC: 05 00 01 A6 00 -> 01 04 05 00 10 00 02 00 E4
15:51:43 CC: 03 00 01 A6 00 -> 01 04 03 00 00 00 00 00 F8
15:51:43 CC: 02 00 01 E5 00 -> 01 0B 02 00 30 05 00 05 00 06 08 04 02 04 02 9E
15:51:43 CC: 04 00 01 A6 00 -> 01 04 04 00 43 01 00 01 B2
15:51:44 CC: 05 00 01 A6 00 -> 01 04 05 00 10 00 02 00 E4
15:51:44 CC: 03 00 01 A6 00 -> 01 04 03 00 00 00 00 00 F8
15:51:44 CC: 04 00 01 A6 00 -> 01 04 04 00 43 01 00 01 B2
15:51:44 CC: 05 00 01 A6 00 -> 01 04 05 00 10 00 02 00 E4
15:51:44 CC: 02 00 01 E5 00 -> 01 0B 02 00 30 05 00 05 00 06 08 04 02 04 02 9E
15:51:44 CC: 03 00 01 A6 00 -> 01 04 03 00 00 00 00 00 F8
15:51:45 CC: 04 00 01 A6 00 -> 01 04 04 00 43 01 00 01 B2
15:51:45 CC: 05 00 01 A6 00 -> 01 04 05 00 10 00 02 00 E4
15:51:45 CC: 03 00 01 A6 00 -> 01 04 03 00 00 00 00 00 F8
15:51:45 CC: 04 00 01 A6 00 -> 01 04 04 00 43 01 00 01 B2
15:51:45 CC: 02 00 01 E5 00 -> 01 0B 02 00 30 05 00 05 00 06 08 04 02 04 02 9E
15:51:45 CC: 05 00 01 A6 00 -> 01 04 05 00 10 00 02 00 E4
15:51:46 CC: 03 00 01 A6 00 -> 01 04 03 00 00 00 00 00 F8
15:51:46 CC: 04 00 01 A6 00 -> 01 04 04 00 43 01 00 01 B2
15:51:46 CC: 05 00 01 A6 00 -> 01 04 05 00 10 00 02 00 E4
15:51:46 CC: 03 00 01 A6 00 -> 01 04 03 00 00 00 00 00 F8
15:51:46 CC: 02 00 01 E5 00 -> 01 0B 02 00 30 05 00 05 00 06 08 04 02 04 02 9E
15:51:46 CC: 04 00 01 A6 00 -> 01 04 04 00 43 01 00 01 B2
15:51:47 CC: 05 00 01 A6 00 -> 01 04 05 00 10 00 02 00 E4
15:51:47 CC: 03 00 01 A6 00 -> 01 04 03 00 00 00 00 00 F8
15:51:47 CC: 04 00 01 A6 00 -> 01 04 04 00 43 01 00 01 B2
15:51:47 CC: 05 00 01 A6 00 -> 01 04 05 00 10 00 02 00 E4
15:51:47 CC: 02 00 01 E5 00 -> 01 0B 02 00 30 05 00 05 00 06 08 04 02 04 02 9E
15:51:47 CC: 03 00 01 A6 00 -> 01 04 03 00 00 00 00 00 F8
15:51:48 CC: 04 00 01 A6 00 -> 01 04 04 00 43 01 00 01 B2
15:51:48 CC: 05 00 01 A6 00 -> 01 04 05 00 10 00 02 00 E4
15:51:48 CC: 03 00 01 A6 00 -> 01 04 03 00 00 00 00 00 F8
15:51:48 CC: 04 00 01 A6 00 -> 01 04 04 00 43 01 00 01 B2
15:51:48 CC: 02 00 01 E5 00 -> 01 0B 02 00 30 05 00 05 00 06 08 04 02 04 02 9E
15:51:48 CC: 05 00 01 A6 00 -> 01 04 05 00 10 00 02 00 E4
15:51:48 CC: 03 00 01 A6 00 -> 01 04 03 00 00 00 00 00 F8
15:51:49 CC: 04 00 01 A6 00 -> 01 04 04 00 43 01 00 01 B2
15:51:49 CC: 05 00 01 A6 00 -> 01 04 05 00 10 00 02 00 E4
15:51:49 CC: 03 00 01 A6 00 -> 01 04 03 00 00 00 00 00 F8
15:51:49 CC: 02 00 01 E5 00 -> 01 0B 02 00 30 05 00 05 00 06 08 04 02 04 02 9E
15:51:49 CC: 04 00 01 A6 00 -> 01 04 04 00 43 01 00 01 B2
15:51:50 CC: 05 00 01 A6 00 -> 01 04 05 00 10 00 02 00 E4
15:51:50 CC: 03 00 01 A6 00 -> 01 04 03 00 00 00 00 00 F8
15:51:50 CC: 04 00 01 A6 00 -> 01 04 04 00 43 01 00 01 B2
15:51:50 CC: 05 00 01 A6 00 -> 01 04 05 00 10 00 02 00 E4
15:51:50 CC: 02 00 01 E5 00 -> 01 0B 02 00 30 05 00 05 00 06 08 04 02 04 02 9E
15:51:50 CC: 03 00 01 A6 00 -> 01 04 03 00 00 00 00 00 F8
15:51:50 CC: 04 00 01 A6 00 -> 01 04 04 00 43 01 00 01 B2
15:51:51 CC: 05 00 01 A6 00 -> 01 04 05 00 10 00 02 00 E4
15:51:51 CC: 03 00 01 A6 00 -> 01 04 03 00 00 00 00 00 F8
15:51:51 CC: 04 00 01 A6 00 -> 01 04 04 00 43 01 00 01 B2
15:51:51 CC: 02 00 01 E5 00 -> 01 0B 02 00 30 05 00 05 00 06 08 04 02 04 02 9E
15:51:51 CC: 05 00 01 A6 00 -> 01 04 05 00 10 00 02 00 E4
15:51:51 CC: 03 00 01 A6 00 -> 01 04 03 00 00 00 00 00 F8
15:51:52 CC: 04 00 01 A6 00 -> 01 04 04 00 43 01 00 01 B2
15:51:52 CC: 05 00 01 A6 00 -> 01 04 05 00 10 00 02 00 E4
15:51:52 CC: 03 00 01 A6 00 -> 01 04 03 00 00 00 00 00 F8
15:51:52 CC: 02 00 01 E5 00 -> 01 0B 02 00 30 05 00 05 00 06 08 04 02 04 02 9E
15:51:52 CC: 04 00 01 A6 00 -> 01 04 04 00 43 01 00 01 B2
15:51:52 CC: 05 00 01 A6 00 -> 01 04 05 00 10 00 02 00 E4
15:51:53 CC: 03 00 01 A6 00 -> 01 04 03 00 00 00 00 00 F8
15:51:53 CC: 04 00 01 A6 00 -> 01 04 04 00 43 01 00 01 B2
15:51:53 CC: 05 00 01 A6 00 -> 01 04 05 00 10 00 02 00 E4
15:51:53 CC: 02 00 01 E5 00 -> 01 0B 02 00 30 05 00 05 00 06 08 04 02 04 02 9E
15:51:53 CC: 03 00 01 A6 00 -> 01 04 03 00 00 00 00 00 F8
15:51:53 CC: 04 00 01 A6 00 -> 01 04 04 00 43 01 00 01 B2
15:51:54 CC: 05 00 01 A6 00 -> 01 04 05 00 10 00 02 00 E4
15:51:54 CC: 03 00 01 A6 00 -> 01 04 03 00 00 00 00 00 F8
15:51:54 CC: 04 00 01 A6 00 -> 01 04 04 00 43 01 00 01 B2
15:51:54 CC: 02 00 01 E5 00 -> 01 0B 02 00 30 05 00 05 00 06 08 04 02 04 02 9E
15:51:54 CC: 05 00 01 A6 00 -> 01 04 05 00 10 00 02 00 E4
15:51:54 CC: 03 00 01 A6 00 -> 01 04 03 00 00 00 00 00 F8
15:51:55 CC: 04 00 01 A6 00 -> 01 04 04 00 43 01 00 01 B2
15:51:55 CC: 05 00 01 A6 00 -> 01 04 05 00 10 00 02 00 E4
15:51:55 CC: 03 00 01 A6 00 -> 01 04 03 00 00 00 00 00 F8
15:51:55 CC: 02 00 01 E5 00 -> 01 0B 02 00 30 05 00 05 00 06 08 04 02 04 02 9E
15:51:55 CC: 04 00 01 A6 00 -> 01 04 04 00 43 01 00 01 B2
15:51:55 CC: 05 00 01 A6 00 -> 01 04 05 00 10 00 02 00 E4
15:51:56 CC: 03 00 01 A6 00 -> 01 04 03 00 00 00 00 00 F8
15:51:56 CC: 04 00 01 A6 00 -> 01 04 04 00 43 01 00 01 B2
15:51:56 CC: 05 00 01 A6 00 -> 01 04 05 00 10 00 02 00 E4
15:51:56 CC: 02 00 01 E5 00 -> 01 0B 02 00 30 05 00 05 00 06 08 04 02 04 02 9E
15:51:56 CC: 03 00 01 A6 00 -> 01 04 03 00 00 00 00 00 F8
15:51:56 CC: 04 00 01 A6 00 -> 01 04 04 00 43 01 00 01 B2
15:51:57 CC: 05 00 01 A6 00 -> 01 04 05 00 10 00 02 00 E4
15:51:57 CC: 03 00 01 A6 00 -> 01 04 03 00 00 00 00 00 F8
15:51:57 CC: 04 00 01 A6 00 -> 01 04 04 00 43 01 00 01 B2
15:51:57 CC: 02 00 01 E5 00 -> 01 0B 02 00 30 05 00 05 00 06 08 04 02 04 02 9E
15:51:57 CC: 05 00 01 A6 00 -> 01 04 05 00 10 00 02 00 E4
15:51:57 CC: 03 00 01 A6 00 -> 01 04 03 00 00 00 00 00 F8
15:51:58 CC: 04 00 01 A6 00 -> 01 04 04 00 43 01 00 01 B2
15:51:58 CC: 05 00 01 A6 00 -> 01 04 05 00 10 00 02 00 E4
15:51:58 CC: 03 00 01 A6 00 -> 01 04 03 00 00 00 00 00 F8
15:51:58 CC: 02 00 01 E5 00 -> 01 0B 02 00 30 05 00 05 00 06 08 04 02 04 02 9E
15:51:58 CC: 04 00 01 A6 00 -> 01 04 04 00 43 01 00 01 B2
15:51:58 CC: 05 00 01 A6 00 -> 01 04 05 00 10 00 02 00 E4
15:51:59 CC: 03 00 01 A6 00 -> 01 04 03 00 00 00 00 00 F8
15:51:59 CC: 04 00 01 A6 00 -> 01 04 04 00 43 01 00 01 B2
15:51:59 CC: 05 00 01 A6 00 -> 01 04 05 00 10 00 02 00 E4
15:51:59 CC: 02 00 01 E5 00 -> 01 0B 02 00 30 05 00 05 00 06 08 04 02 04 02 9E
15:51:59 CC: 03 00 01 A6 00 -> 01 04 03 00 00 00 00 00 F8
15:51:59 CC: 04 00 01 A6 00 -> 01 04 04 00 43 01 00 01 B2
15:52:00 CC: 05 00 01 A6 00 -> 01 04 05 00 10 00 02 00 E4
15:52:00 CC: 03 00 01 A6 00 -> 01 04 03 00 00 00 00 00 F8
15:52:00 CC: 04 00 01 A6 00 -> 01 04 04 00 43 01 00 01 B2
15:52:00 CC: 02 00 01 E5 00 -> 01 0B 02 00 30 05 00 05 00 06 08 04 02 04 02 9E
15:52:00 CC: 05 00 01 A6 00 -> 01 04 05 00 10 00 02 00 E4
15:52:00 CC: 03 00 01 A6 00 -> 01 04 03 00 00 00 00 00 F8
15:52:01 CC: 04 00 01 A6 00 -> 01 04 04 00 43 01 00 01 B2
15:52:01 CC: 05 00 01 A6 00 -> 01 04 05 00 10 00 02 00 E4
15:52:01 CC: 03 00 01 A6 00 -> 01 04 03 00 00 00 00 00 F8
15:52:01 CC: 02 00 01 E5 00 -> 01 0B 02 00 30 05 00 05 00 06 08 04 02 04 02 9E
15:52:01 CC: 04 00 01 A6 00 -> 01 04 04 00 43 01 00 01 B2
15:52:01 CC: 05 00 01 A6 00 -> 01 04 05 00 10 00 02 00 E4
15:52:02 CC: 03 00 01 A6 00 -> 01 04 03 00 00 00 00 00 F8
15:52:02 CC: 04 00 01 A6 00 -> 01 04 04 00 43 01 00 01 B2
15:52:02 CC: 05 00 01 A6 00 -> 01 04 05 00 10 00 02 00 E4
15:52:02 CC: 02 00 01 E5 00 -> 01 0B 02 00 30 05 00 05 00 06 08 04 02 04 02 9E
15:52:02 CC: 03 00 01 A6 00 -> 01 04 03 00 00 00 00 00 F8
15:52:02 CC: 04 00 01 A6 00 -> 01 04 04 00 43 01 00 01 B2
15:52:03 CC: 05 00 01 A6 00 -> 01 04 05 00 10 00 02 00 E4
15:52:03 CC: 03 00 01 A6 00 -> 01 04 03 00 00 00 00 00 F8
15:52:03 CC: 04 00 01 A6 00 -> 01 04 04 00 43 01 00 01 B2
15:52:03 CC: 02 00 01 E5 00 -> 01 0B 02 00 30 05 00 05 00 06 08 04 02 04 02 9E
15:52:03 CC: 05 00 01 A6 00 -> 01 04 05 00 10 00 02 00 E4
15:52:03 CC: 03 00 01 A6 00 -> 01 04 03 00 00 00 00 00 F8
15:52:04 CC: 04 00 01 A6 00 -> 01 04 04 00 43 01 00 01 B2
15:52:04 CC: 05 00 01 A6 00 -> 01 04 05 00 10 00 02 00 E4
15:52:04 CC: 03 00 01 A6 00 -> 01 04 03 00 00 00 00 00 F8
15:52:04 CC: 02 00 01 E5 00 -> 01 0B 02 00 30 05 00 05 00 06 08 04 02 04 02 9E
15:52:04 CC: 04 00 01 A6 00 -> 01 04 04 00 43 01 00 01 B2
15:52:04 CC: 05 00 01 A6 00 -> 01 04 05 00 10 00 02 00 E4
15:52:05 CC: 03 00 01 A6 00 -> 01 04 03 00 00 00 00 00 F8
15:52:05 CC: 04 00 01 A6 00 -> 01 04 04 00 43 01 00 01 B2
15:52:05 CC: 05 00 01 A6 00 -> 01 04 05 00 10 00 02 00 E4
15:52:05 CC: 02 00 01 E5 00 -> 01 0B 02 00 30 05 00 05 00 06 08 04 02 04 02 9E
15:52:05 CC: 03 00 01 A6 00 -> 01 04 03 00 00 00 00 00 F8
15:52:05 CC: 04 00 01 A6 00 -> 01 04 04 00 43 01 00 01 B2
15:52:06 CC: 05 00 01 A6 00 -> 01 04 05 00 10 00 02 00 E4
15:52:06 CC: 03 00 01 A6 00 -> 01 04 03 00 00 00 00 00 F8
15:52:06 CC: 04 00 01 A6 00 -> 01 04 04 00 43 01 00 01 B2
15:52:06 CC: 02 00 01 E5 00 -> 01 0B 02 00 30 05 00 05 00 06 08 04 02 04 02 9E
15:52:06 CC: 05 00 01 A6 00 -> 01 04 05 00 10 00 02 00 E4
15:52:06 CC: 03 00 01 A6 00 -> 01 04 03 00 00 00 00 00 F8
15:52:07 CC: 04 00 01 A6 00 -> 01 04 04 00 43 01 00 01 B2
15:52:07 CC: 05 00 01 A6 00 -> 01 04 05 00 10 00 02 00 E4
15:52:07 CC: 03 00 01 A6 00 -> 01 04 03 00 00 00 00 00 F8
15:52:07 CC: 02 00 01 E5 00 -> 01 0B 02 00 30 05 00 05 00 06 08 04 02 04 02 9E
15:52:07 CC: 04 00 01 A6 00 -> 01 04 04 00 43 01 00 01 B2
15:52:07 CC: 05 00 01 A6 00 -> 01 04 05 00 10 00 02 00 E4
15:52:08 CC: 03 00 01 A6 00 -> 01 04 03 00 00 00 00 00 F8
15:52:08 CC: 04 00 01 A6 00 -> 01 04 04 00 43 01 00 01 B2
15:52:08 CC: 05 00 01 A6 00 -> 01 04 05 00 10 00 02 00 E4
15:52:08 CC: 02 00 01 E5 00 -> 01 0B 02 00 30 05 00 05 00 06 08 04 02 04 02 9E
15:52:08 CC: 03 00 01 A6 00 -> 01 04 03 00 00 00 00 00 F8
15:52:08 CC: 04 00 01 A6 00 -> 01 04 04 00 43 01 00 01 B2
15:52:09 CC: 05 00 01 A6 00 -> 01 04 05 00 10 00 02 00 E4
15:52:09 CC: 03 00 01 A6 00 -> 01 04 03 00 00 00 00 00 F8
15:52:09 CC: 04 00 01 A6 00 -> 01 04 04 00 43 01 00 01 B2
15:52:09 CC: 02 00 01 E5 00 -> 01 0B 02 00 30 05 00 05 00 06 08 04 02 04 02 9E
15:52:09 CC: 05 00 01 A6 00 -> 01 04 05 00 10 00 02 00 E4
15:52:09 CC: 03 00 01 A6 00 -> 01 04 03 00 00 00 00 00 F8
15:52:10 CC: 04 00 01 A6 00 -> 01 04 04 00 43 01 00 01 B2
15:52:10 CC: 05 00 01 A6 00 -> 01 04 05 00 10 00 02 00 E4
15:52:10 CC: 03 00 01 A6 00 -> 01 04 03 00 00 00 00 00 F8
15:52:10 CC: 02 00 01 E5 00 -> 01 0B 02 00 30 05 00 05 00 06 08 04 02 04 02 9E
15:52:10 CC: 04 00 01 A6 00 -> 01 04 04 00 43 01 00 01 B2
15:52:10 CC: 05 00 01 A6 00 -> 01 04 05 00 10 00 02 00 E4
15:52:11 CC: 03 00 01 A6 00 -> 01 04 03 00 00 00 00 00 F8
15:52:11 CC: 04 00 01 A6 00 -> 01 04 04 00 43 01 00 01 B2
15:52:11 CC: 05 00 01 A6 00 -> 01 04 05 00 10 00 02 00 E4
15:52:11 CC: 02 00 01 E5 00 -> 01 0B 02 00 30 05 00 05 00 06 08 04 02 04 02 9E
15:52:11 CC: 03 00 01 A6 00 -> 01 04 03 00 00 00 00 00 F8
15:52:11 CC: 04 00 01 A6 00 -> 01 04 04 00 43 01 00 01 B2
15:52:12 CC: 05 00 01 A6 00 -> 01 04 05 00 10 00 02 00 E4
15:52:12 CC: 03 00 01 A6 00 -> 01 04 03 00 00 00 00 00 F8
15:52:12 CC: 04 00 01 A6 00 -> 01 04 04 00 43 01 00 01 B2
15:52:12 CC: 02 00 01 E5 00 -> 01 0B 02 00 30 05 00 05 00 06 08 04 02 04 02 9E
15:52:12 CC: 05 00 01 A6 00 -> 01 04 05 00 10 00 02 00 E4
15:52:12 CC: 03 00 01 A6 00 -> 01 04 03 00 00 00 00 00 F8
15:52:13 CC: 04 00 01 A6 00 -> 01 04 04 00 43 01 00 01 B2
15:52:13 CC: 05 00 01 A6 00 -> 01 04 05 00 10 00 02 00 E4
15:52:13 CC: 03 00 01 A6 00 -> 01 04 03 00 00 00 00 00 F8
15:52:13 CC: 02 00 01 E5 00 -> 01 0B 02 00 30 05 00 05 00 06 08 04 02 04 02 9E
15:52:13 CC: 04 00 01 A6 00 -> 01 04 04 00 43 01 00 01 B2
15:52:13 CC: 05 00 01 A6 00 -> 01 04 05 00 10 00 02 00 E4
15:52:14 CC: 03 00 01 A6 00 -> 01 04 03 00 00 00 00 00 F8
15:52:14 CC: 04 00 01 A6 00 -> 01 04 04 00 43 01 00 01 B2
15:52:14 CC: 05 00 01 A6 00 -> 01 04 05 00 10 00 02 00 E4
15:52:14 CC: 02 00 01 E5 00 -> 01 0B 02 00 30 05 00 05 00 06 08 04 02 04 02 9E
15:52:14 CC: 03 00 01 A6 00 -> 01 04 03 00 00 00 00 00 F8
15:52:14 CC: 04 00 01 A6 00 -> 01 04 04 00 43 01 00 01 B2
15:52:15 CC: 05 00 01 A6 00 -> 01 04 05 00 10 00 02 00 E4
15:52:15 CC: 03 00 01 A6 00 -> 01 04 03 00 00 00 00 00 F8
15:52:15 CC: 04 00 01 A6 00 -> 01 04 04 00 43 01 00 01 B2
15:52:15 CC: 02 00 01 E5 00 -> 01 0B 02 00 30 05 00 05 00 06 08 04 02 04 02 9E
15:52:15 CC: 05 00 01 A6 00 -> 01 04 05 00 10 00 02 00 E4
15:52:15 CC: 03 00 01 A6 00 -> 01 04 03 00 00 00 00 00 F8
15:52:16 CC: 04 00 01 A6 00 -> 01 04 04 00 43 01 00 01 B2
15:52:16 CC: 05 00 01 A6 00 -> 01 04 05 00 10 00 02 00 E4
15:52:16 CC: 03 00 01 A6 00 -> 01 04 03 00 00 00 00 00 F8
15:52:16 CC: 02 00 01 E5 00 -> 01 0B 02 00 30 05 00 05 00 06 08 04 02 04 02 9E
15:52:16 CC: 04 00 01 A6 00 -> 01 04 04 00 43 01 00 01 B2
15:52:16 CC: 05 00 01 A6 00 -> 01 04 05 00 10 00 02 00 E4
15:52:17 CC: 03 00 01 A6 00 -> 01 04 03 00 00 00 00 00 F8
15:52:17 CC: 04 00 01 A6 00 -> 01 04 04 00 43 01 00 01 B2
15:52:17 CC: 05 00 01 A6 00 -> 01 04 05 00 10 00 02 00 E4
15:52:17 CC: 02 00 01 E5 00 -> 01 0B 02 00 30 05 00 05 00 06 08 04 02 04 02 9E
15:52:17 CC: 03 00 01 A6 00 -> 01 04 03 00 00 00 00 00 F8
15:52:17 CC: 04 00 01 A6 00 -> 01 04 04 00 43 01 00 01 B2
15:52:18 CC: 05 00 01 A6 00 -> 01 04 05 00 10 00 02 00 E4
15:52:18 CC: 03 00 01 A6 00 -> 01 04 03 00 00 00 00 00 F8
15:52:18 CC: 04 00 01 A6 00 -> 01 04 04 00 43 01 00 01 B2
15:52:18 CC: 02 00 01 E5 00 -> 01 0B 02 00 30 05 00 05 00 06 08 04 02 04 02 9E
15:52:18 CC: 05 00 01 A6 00 -> 01 04 05 00 10 00 02 00 E4
15:52:18 CC: 03 00 01 A6 00 -> 01 04 03 00 00 00 00 00 F8
15:52:19 CC: 04 00 01 A6 00 -> 01 04 04 00 43 01 00 01 B2
15:52:19 CC: 05 00 01 A6 00 -> 01 04 05 00 10 00 02 00 E4
15:52:19 CC: 03 00 01 A6 00 -> 01 04 03 00 00 00 00 00 F8
15:52:19 CC: 02 00 01 E5 00 -> 01 0B 02 00 30 05 00 05 00 06 08 04 02 04 02 9E
15:52:19 CC: 04 00 01 A6 00 -> 01 04 04 00 43 01 00 01 B2
15:52:19 CC: 05 00 01 A6 00 -> 01 04 05 00 10 00 02 00 E4
15:52:20 CC: 03 00 01 A6 00 -> 01 04 03 00 00 00 00 00 F8
15:52:20 CC: 04 00 01 A6 00 -> 01 04 04 00 43 01 00 01 B2
15:52:20 CC: 05 00 01 A6 00 -> 01 04 05 00 10 00 02 00 E4
15:52:20 CC: 02 00 01 E5 00 -> 01 0B 02 00 30 05 00 05 00 06 08 04 02 04 02 9E
15:52:20 CC: 03 00 01 A6 00 -> 01 04 03 00 00 00 00 00 F8
15:52:20 CC: 04 00 01 A6 00 -> 01 04 04 00 43 01 00 01 B2
15:52:21 CC: 05 00 01 A6 00 -> 01 04 05 00 10 00 02 00 E4
15:52:21 CC: 03 00 01 A6 00 -> 01 04 03 00 00 00 00 00 F8
15:52:21 CC: 04 00 01 A6 00 -> 01 04 04 00 43 01 00 01 B2
15:52:21 CC: 02 00 01 E5 00 -> 01 0B 02 00 30 05 00 05 00 06 08 04 02 04 02 9E
15:52:21 CC: 05 00 01 A6 00 -> 01 04 05 00 10 00 02 00 E4
15:52:21 CC: 03 00 01 A6 00 -> 01 04 03 00 00 00 00 00 F8
15:52:22 CC: 04 00 01 A6 00 -> 01 04 04 00 43 01 00 01 B2
15:52:22 CC: 05 00 01 A6 00 -> 01 04 05 00 10 00 02 00 E4
15:52:22 CC: 03 00 01 A6 00 -> 01 04 03 00 00 00 00 00 F8
15:52:22 CC: 02 00 01 E5 00 -> 01 0B 02 00 30 05 00 05 00 06 08 04 02 04 02 9E
15:52:22 CC: 04 00 01 A6 00 -> 01 04 04 00 43 01 00 01 B2
15:52:22 CC: 05 00 01 A6 00 -> 01 04 05 00 10 00 02 00 E4
15:52:22 CC: 03 00 01 A6 00 -> 01 04 03 00 00 00 00 00 F8
15:52:23 CC: 04 00 01 A6 00 -> 01 04 04 00 43 01 00 01 B2
15:52:23 CC: 05 00 01 A6 00 -> 01 04 05 00 10 00 02 00 E4
15:52:23 CC: 02 00 01 E5 00 -> 01 0B 02 00 30 05 00 05 00 06 08 04 02 04 02 9E
15:52:23 CC: 03 00 01 A6 00 -> 01 04 03 00 00 00 00 00 F8
15:52:23 CC: 04 00 01 A6 00 -> 01 04 04 00 43 01 00 01 B2
15:52:24 CC: 05 00 01 A6 00 -> 01 04 05 00 10 00 02 00 E4
15:52:24 CC: 03 00 01 A6 00 -> 01 04 03 00 00 00 00 00 F8
15:52:24 CC: 04 00 01 A6 00 -> 01 04 04 00 43 01 00 01 B2
15:52:24 CC: 02 00 01 E5 00 -> 01 0B 02 00 30 05 00 05 00 06 08 04 02 04 02 9E
15:52:24 CC: 05 00 01 A6 00 -> 01 04 05 00 10 00 02 00 E4
15:52:24 CC: 03 00 01 A6 00 -> 01 04 03 00 00 00 00 00 F8
15:52:24 CC: 04 00 01 A6 00 -> 01 04 04 00 43 01 00 01 B2
15:52:25 CC: 05 00 01 A6 00 -> 01 04 05 00 10 00 02 00 E4
15:52:25 CC: 03 00 01 A6 00 -> 01 04 03 00 00 00 00 00 F8
15:52:25 CC: 02 00 01 E5 00 -> 01 0B 02 00 30 05 00 05 00 06 08 04 02 04 02 9E
15:52:25 CC: 04 00 01 A6 00 -> 01 04 04 00 43 01 00 01 B2
15:52:25 CC: 05 00 01 A6 00 -> 01 04 05 00 10 00 02 00 E4
15:52:25 CC: 03 00 01 A6 00 -> 01 04 03 00 00 00 00 00 F8
15:52:26 CC: 04 00 01 A6 00 -> 01 04 04 00 43 01 00 01 B2
15:52:26 CC: 05 00 01 A6 00 -> 01 04 05 00 10 00 02 00 E4
15:52:26 CC: 02 00 01 E5 00 -> 01 0B 02 00 30 05 00 05 00 06 08 04 02 04 02 9E
15:52:26 CC: 03 00 01 A6 00 -> 01 04 03 00 00 00 00 00 F8
15:52:26 CC: 04 00 01 A6 00 -> 01 04 04 00 43 01 00 01 B2
15:52:26 CC: 05 00 01 A6 00 -> 01 04 05 00 10 00 02 00 E4
15:52:27 CC: 03 00 01 A6 00 -> 01 04 03 00 00 00 00 00 F8
15:52:27 CC: 04 00 01 A6 00 -> 01 04 04 00 43 01 00 01 B2
15:52:27 CC: 02 00 01 E5 00 -> 01 0B 02 00 30 05 00 05 00 06 08 04 02 04 02 9E
15:52:27 CC: 05 00 01 A6 00 -> 01 04 05 00 10 00 02 00 E4
15:52:27 CC: 03 00 01 A6 00 -> 01 04 03 00 00 00 00 00 F8
15:52:27 CC: 04 00 01 A6 00 -> 01 04 04 00 43 01 00 01 B2
15:52:28 CC: 05 00 01 A6 00 -> 01 04 05 00 10 00 02 00 E4
15:52:28 CC: 03 00 01 A6 00 -> 01 04 03 00 00 00 00 00 F8
15:52:28 CC: 02 00 01 E5 00 -> 01 0B 02 00 30 05 00 05 00 06 08 04 02 04 02 9E
15:52:28 CC: 04 00 01 A6 00 -> 01 04 04 00 43 01 00 01 B2
15:52:28 CC: 05 00 01 A6 00 -> 01 04 05 00 10 00 02 00 E4
15:52:28 CC: 03 00 01 A6 00 -> 01 04 03 00 00 00 00 00 F8
15:52:29 CC: 04 00 01 A6 00 -> 01 04 04 00 43 01 00 01 B2
15:52:29 CC: 05 00 01 A6 00 -> 01 04 05 00 10 00 02 00 E4
15:52:29 CC: 02 00 01 E5 00 -> 01 0B 02 00 30 05 00 05 00 06 08 04 02 04 02 9E
15:52:29 CC: 03 00 01 A6 00 -> 01 04 03 00 00 00 00 00 F8
15:52:29 CC: 04 00 01 A6 00 -> 01 04 04 00 43 01 00 01 B2
15:52:29 CC: 05 00 01 A6 00 -> 01 04 05 00 10 00 02 00 E4
15:52:30 CC: 03 00 01 A6 00 -> 01 04 03 00 00 00 00 00 F8
15:52:30 CC: 04 00 01 A6 00 -> 01 04 04 00 43 01 00 01 B2
15:52:30 CC: 02 00 01 E5 00 -> 01 0B 02 00 30 05 00 05 00 06 08 04 02 04 02 9E
15:52:30 CC: 05 00 01 A6 00 -> 01 04 05 00 10 00 02 00 E4
15:52:30 CC: 03 00 01 A6 00 -> 01 04 03 00 00 00 00 00 F8
15:52:30 CC: 04 00 01 A6 00 -> 01 04 04 00 43 01 00 01 B2
15:52:31 CC: 05 00 01 A6 00 -> 01 04 05 00 10 00 02 00 E4
15:52:31 CC: 03 00 01 A6 00 -> 01 04 03 00 00 00 00 00 F8
15:52:31 CC: 02 00 01 E5 00 -> 01 0B 02 00 30 05 00 05 00 06 08 04 02 04 02 9E
15:52:31 CC: 04 00 01 A6 00 -> 01 04 04 00 43 01 00 01 B2
15:52:31 CC: 05 00 01 A6 00 -> 01 04 05 00 10 00 02 00 E4
15:52:31 CC: 03 00 01 A6 00 -> 01 04 03 00 00 00 00 00 F8
15:52:32 CC: 04 00 01 A6 00 -> 01 04 04 00 43 01 00 01 B2
15:52:32 CC: 05 00 01 A6 00 -> 01 04 05 00 10 00 02 00 E4
15:52:32 CC: 02 00 01 E5 00 -> 01 0B 02 00 30 05 00 05 00 06 08 04 02 04 02 9E
15:52:32 CC: 03 00 01 A6 00 -> 01 04 03 00 00 00 00 00 F8
15:52:32 CC: 04 00 01 A6 00 -> 01 04 04 00 43 01 00 01 B2
15:52:32 CC: 05 00 01 A6 00 -> 01 04 05 00 10 00 02 00 E4
15:52:33 CC: 03 00 01 A6 00 -> 01 04 03 00 00 00 00 00 F8
15:52:33 CC: 04 00 01 A6 00 -> 01 04 04 00 43 01 00 01 B2
15:52:33 CC: 02 00 01 E5 00 -> 01 0B 02 00 30 05 00 05 00 06 08 04 02 04 02 9E
15:52:33 CC: 05 00 01 A6 00 -> 01 04 05 00 10 00 02 00 E4
15:52:33 CC: 03 00 01 A6 00 -> 01 04 03 00 00 00 00 00 F8
15:52:33 CC: 04 00 01 A6 00 -> 01 04 04 00 43 01 00 01 B2
15:52:34 CC: 05 00 01 A6 00 -> 01 04 05 00 10 00 02 00 E4
15:52:34 CC: 03 00 01 A6 00 -> 01 04 03 00 00 00 00 00 F8
15:52:34 CC: 02 00 01 E5 00 -> 01 0B 02 00 30 05 00 05 00 06 08 04 02 04 02 9E
15:52:34 CC: 04 00 01 A6 00 -> 01 04 04 00 43 01 00 01 B2
15:52:34 CC: 05 00 01 A6 00 -> 01 04 05 00 10 00 02 00 E4
15:52:34 CC: 03 00 01 A6 00 -> 01 04 03 00 00 00 00 00 F8
15:52:35 CC: 04 00 01 A6 00 -> 01 04 04 00 43 01 00 01 B2
15:52:36 CC: 02 00 01 E5 00 -> 01 0B 02 00 30 05 00 05 00 06 08 04 02 04 02 9E
15:52:36 CC: 05 00 01 A6 00 -> 01 04 05 00 10 00 02 00 E4
15:52:36 CC: 03 00 01 A6 00 -> 01 04 03 00 00 00 00 00 F8
15:52:36 CC: 04 00 01 A6 00 -> 01 04 04 00 43 01 00 01 B2
15:52:36 CC: 05 00 01 A6 00 -> 01 04 05 00 10 00 02 00 E4
15:52:37 CC: 03 00 01 A6 00 -> 01 04 03 00 00 00 00 00 F8
15:52:37 CC: 02 00 01 E5 00 -> 01 0B 02 00 30 05 00 05 00 06 08 04 02 04 02 9E
15:52:37 CC: 04 00 01 A6 00 -> 01 04 04 00 43 01 00 01 B2
15:52:37 CC: 05 00 01 A6 00 -> 01 04 05 00 10 00 02 00 E4
15:52:37 CC: 03 00 01 A6 00 -> 01 04 03 00 00 00 00 00 F8
15:52:37 CC: 04 00 01 A6 00 -> 01 04 04 00 43 01 00 01 B2
15:52:38 CC: 05 00 01 A6 00 -> 01 04 05 00 10 00 02 00 E4
15:52:38 CC: 02 00 01 E5 00 -> 01 0B 02 00 30 05 00 05 00 06 08 04 02 04 02 9E
15:52:38 CC: 03 00 01 A6 00 -> 01 04 03 00 00 00 00 00 F8
15:52:38 CC: 04 00 01 A6 00 -> 01 04 04 00 43 01 00 01 B2
15:52:38 CC: 05 00 01 A6 00 -> 01 04 05 00 10 00 02 00 E4
15:52:38 CC: 03 00 01 A6 00 -> 01 04 03 00 00 00 00 00 F8
15:52:39 CC: 04 00 01 A6 00 -> 01 04 04 00 43 01 00 01 B2
15:52:39 CC: 02 00 01 E5 00 -> 01 0B 02 00 30 05 00 05 00 06 08 04 02 04 02 9E
15:52:39 CC: 05 00 01 A6 00 -> 01 04 05 00 10 00 02 00 E4
15:52:39 CC: 03 00 01 A6 00 -> 01 04 03 00 00 00 00 00 F8
15:52:39 CC: 04 00 01 A6 00 -> 01 04 04 00 43 01 00 01 B2
15:52:39 CC: 05 00 01 A6 00 -> 01 04 05 00 10 00 02 00 E4
15:52:40 CC: 03 00 01 A6 00 -> 01 04 03 00 00 00 00 00 F8
15:52:40 CC: 02 00 01 E5 00 -> 01 0B 02 00 30 05 00 05 00 06 08 04 02 04 02 9E
15:52:40 CC: 04 00 01 A6 00 -> 01 04 04 00 43 01 00 01 B2
15:52:40 CC: 05 00 01 A6 00 -> 01 04 05 00 10 00 02 00 E4
15:52:40 CC: 03 00 01 A6 00 -> 01 04 03 00 00 00 00 00 F8
15:52:40 CC: 04 00 01 A6 00 -> 01 04 04 00 43 01 00 01 B2
15:52:41 CC: 05 00 01 A6 00 -> 01 04 05 00 10 00 02 00 E4
15:52:41 CC: 02 00 01 E5 00 -> 01 0B 02 00 30 05 00 05 00 06 08 04 02 04 02 9E
15:52:41 CC: 03 00 01 A6 00 -> 01 04 03 00 00 00 00 00 F8
15:52:41 CC: 04 00 01 A6 00 -> 01 04 04 00 43 01 00 01 B2
15:52:41 CC: 05 00 01 A6 00 -> 01 04 05 00 10 00 02 00 E4
15:52:41 CC: 03 00 01 A6 00 -> 01 04 03 00 00 00 00 00 F8
15:52:42 CC: 04 00 01 A6 00 -> 01 04 04 00 43 01 00 01 B2
15:52:42 CC: 02 00 01 E5 00 -> 01 0B 02 00 30 05 00 05 00 06 08 04 02 04 02 9E
15:52:42 CC: 05 00 01 A6 00 -> 01 04 05 00 10 00 02 00 E4
15:52:42 CC: 03 00 01 A6 00 -> 01 04 03 00 00 00 00 00 F8
15:52:42 CC: 04 00 01 A6 00 -> 01 04 04 00 43 01 00 01 B2
15:52:42 CC: 05 00 01 A6 00 -> 01 04 05 00 10 00 02 00 E4
15:52:43 CC: 03 00 01 A6 00 -> 01 04 03 00 00 00 00 00 F8
15:52:43 CC: 02 00 01 E5 00 -> 01 0B 02 00 30 05 00 05 00 06 08 04 02 04 02 9E
15:52:43 CC: 04 00 01 A6 00 -> 01 04 04 00 43 01 00 01 B2
15:52:43 CC: 05 00 01 A6 00 -> 01 04 05 00 10 00 02 00 E4
15:52:43 CC: 03 00 01 A6 00 -> 01 04 03 00 00 00 00 00 F8
15:52:43 CC: 04 00 01 A6 00 -> 01 04 04 00 43 01 00 01 B2
15:52:44 CC: 05 00 01 A6 00 -> 01 04 05 00 10 00 02 00 E4
15:52:44 CC: 02 00 01 E5 00 -> 01 0B 02 00 30 05 00 05 00 06 08 04 02 04 02 9E
15:52:44 CC: 03 00 01 A6 00 -> 01 04 03 00 00 00 00 00 F8
15:52:44 CC: 04 00 01 A6 00 -> 01 04 04 00 43 01 00 01 B2
15:52:44 CC: 05 00 01 A6 00 -> 01 04 05 00 10 00 02 00 E4
15:52:45 CC: 03 00 01 A6 00 -> 01 04 03 00 00 00 00 00 F8
15:52:45 CC: 04 00 01 A6 00 -> 01 04 04 00 43 01 00 01 B2
15:52:45 CC: 02 00 01 E5 00 -> 01 0B 02 00 30 05 00 05 00 06 08 04 02 04 02 9E
15:52:45 CC: 05 00 01 A6 00 -> 01 04 05 00 10 00 02 00 E4
15:52:45 CC: 03 00 01 A6 00 -> 01 04 03 00 00 00 00 00 F8
15:52:45 CC: 04 00 01 A6 00 -> 01 04 04 00 43 01 00 01 B2
15:52:46 CC: 05 00 01 A6 00 -> 01 04 05 00 10 00 02 00 E4
15:52:46 CC: 03 00 01 A6 00 -> 01 04 03 00 00 00 00 00 F8
15:52:46 CC: 02 00 01 E5 00 -> 01 0B 02 00 30 05 00 05 00 06 08 04 02 04 02 9E
15:52:46 CC: 04 00 01 A6 00 -> 01 04 04 00 43 01 00 01 B2
15:52:46 CC: 05 00 01 A6 00 -> 01 04 05 00 10 00 02 00 E4
15:52:46 CC: 03 00 01 A6 00 -> 01 04 03 00 00 00 00 00 F8
15:52:47 CC: 04 00 01 A6 00 -> 01 04 04 00 43 01 00 01 B2
15:52:47 CC: 05 00 01 A6 00 -> 01 04 05 00 10 00 02 00 E4
15:52:47 CC: 02 00 01 E5 00 -> 01 0B 02 00 30 05 00 05 00 06 08 04 02 04 02 9E
15:52:47 CC: 03 00 01 A6 00 -> 01 04 03 00 00 00 00 00 F8
15:52:47 CC: 04 00 01 A6 00 -> 01 04 04 00 43 01 00 01 B2
15:52:47 CC: 05 00 01 A6 00 -> 01 04 05 00 10 00 02 00 E4
15:52:48 CC: 03 00 01 A6 00 -> 01 04 03 00 00 00 00 00 F8
15:52:48 CC: 04 00 01 A6 00 -> 01 04 04 00 43 01 00 01 B2
15:52:48 CC: 02 00 01 E5 00 -> 01 0B 02 00 30 05 00 05 00 06 08 04 02 04 02 9E
15:52:48 CC: 05 00 01 A6 00 -> 01 04 05 00 10 00 02 00 E4
15:52:48 CC: 03 00 01 A6 00 -> 01 04 03 00 00 00 00 00 F8
15:52:48 CC: 04 00 01 A6 00 -> 01 04 04 00 43 01 00 01 B2
15:52:49 CC: 05 00 01 A6 00 -> 01 04 05 00 10 00 02 00 E4
15:52:49 CC: 03 00 01 A6 00 -> 01 04 03 00 00 00 00 00 F8
15:52:49 CC: 02 00 01 E5 00 -> 01 0B 02 00 30 05 00 05 00 06 08 04 02 04 02 9E
15:52:49 CC: 04 00 01 A6 00 -> 01 04 04 00 43 01 00 01 B2
15:52:49 CC: 05 00 01 A6 00 -> 01 04 05 00 10 00 02 00 E4
15:52:49 CC: 03 00 01 A6 00 -> 01 04 03 00 00 00 00 00 F8
15:52:50 CC: 04 00 01 A6 00 -> 01 04 04 00 43 01 00 01 B2
15:52:50 CC: 05 00 01 A6 00 -> 01 04 05 00 10 00 02 00 E4
15:52:50 CC: 02 00 01 E5 00 -> 01 0B 02 00 30 05 00 05 00 06 08 04 02 04 02 9E
15:52:50 CC: 03 00 01 A6 00 -> 01 04 03 00 00 00 00 00 F8
15:52:50 CC: 04 00 01 A6 00 -> 01 04 04 00 43 01 00 01 B2
15:52:50 CC: 05 00 01 A6 00 -> 01 04 05 00 10 00 02 00 E4
15:52:51 CC: 03 00 01 A6 00 -> 01 04 03 00 00 00 00 00 F8
15:52:51 CC: 04 00 01 A6 00 -> 01 04 04 00 43 01 00 01 B2
15:52:51 CC: 02 00 01 E5 00 -> 01 0B 02 00 30 05 00 05 00 06 08 04 02 04 02 9E
15:52:51 CC: 05 00 01 A6 00 -> 01 04 05 00 10 00 02 00 E4
15:52:51 CC: 03 00 01 A6 00 -> 01 04 03 00 00 00 00 00 F8
15:52:51 CC: 04 00 01 A6 00 -> 01 04 04 00 43 01 00 01 B2
15:52:52 CC: 05 00 01 A6 00 -> 01 04 05 00 10 00 02 00 E4
15:52:52 CC: 03 00 01 A6 00 -> 01 04 03 00 00 00 00 00 F8
15:52:52 CC: 02 00 01 E5 00 -> 01 0B 02 00 30 05 00 05 00 06 08 04 02 04 02 9E
15:52:52 CC: 04 00 01 A6 00 -> 01 04 04 00 43 01 00 01 B2
15:52:52 CC: 05 00 01 A6 00 -> 01 04 05 00 10 00 02 00 E4
15:52:52 CC: 03 00 01 A6 00 -> 01 04 03 00 00 00 00 00 F8
15:52:53 CC: 04 00 01 A6 00 -> 01 04 04 00 43 01 00 01 B2
15:52:53 CC: 05 00 01 A6 00 -> 01 04 05 00 10 00 02 00 E4
15:52:53 CC: 02 00 01 E5 00 -> 01 0B 02 00 30 05 00 05 00 06 08 04 02 04 02 9E
15:52:53 CC: 03 00 01 A6 00 -> 01 04 03 00 00 00 00 00 F8
15:52:53 CC: 04 00 01 A6 00 -> 01 04 04 00 43 01 00 01 B2
15:52:53 CC: 05 00 01 A6 00 -> 01 04 05 00 10 00 02 00 E4
15:52:54 CC: 03 00 01 A6 00 -> 01 04 03 00 00 00 00 00 F8
15:52:54 CC: 04 00 01 A6 00 -> 01 04 04 00 43 01 00 01 B2
15:52:54 CC: 02 00 01 E5 00 -> 01 0B 02 00 30 05 00 05 00 06 08 04 02 04 02 9E
15:52:54 CC: 05 00 01 A6 00 -> 01 04 05 00 10 00 02 00 E4
15:52:54 CC: 03 00 01 A6 00 -> 01 04 03 00 00 00 00 00 F8
15:52:54 CC: 04 00 01 A6 00 -> 01 04 04 00 43 01 00 01 B2
15:52:55 CC: 05 00 01 A6 00 -> 01 04 05 00 10 00 02 00 E4
15:52:55 CC: 03 00 01 A6 00 -> 01 04 03 00 00 00 00 00 F8
15:52:55 CC: 02 00 01 E5 00 -> 01 0B 02 00 30 05 00 05 00 06 08 04 02 04 02 9E
15:52:55 CC: 04 00 01 A6 00 -> 01 04 04 00 43 01 00 01 B2
15:52:55 CC: 05 00 01 A6 00 -> 01 04 05 00 10 00 02 00 E4
15:52:55 CC: 03 00 01 A6 00 -> 01 04 03 00 00 00 00 00 F8
15:52:56 CC: 04 00 01 A6 00 -> 01 04 04 00 43 01 00 01 B2
15:52:56 CC: 05 00 01 A6 00 -> 01 04 05 00 10 00 02 00 E4
15:52:56 CC: 02 00 01 E5 00 -> 01 0B 02 00 30 05 00 05 00 06 08 04 02 04 02 9E
15:52:56 CC: 03 00 01 A6 00 -> 01 04 03 00 00 00 00 00 F8
15:52:56 CC: 04 00 01 A6 00 -> 01 04 04 00 43 01 00 01 B2
15:52:56 CC: 05 00 01 A6 00 -> 01 04 05 00 10 00 02 00 E4
15:52:57 CC: 03 00 01 A6 00 -> 01 04 03 00 00 00 00 00 F8
15:52:57 CC: 04 00 01 A6 00 -> 01 04 04 00 43 01 00 01 B2
15:52:57 CC: 02 00 01 E5 00 -> 01 0B 02 00 30 05 00 05 00 06 08 04 02 04 02 9E
15:52:57 CC: 05 00 01 A6 00 -> 01 04 05 00 10 00 02 00 E4
15:52:57 CC: 03 00 01 A6 00 -> 01 04 03 00 00 00 00 00 F8
15:52:57 CC: 04 00 01 A6 00 -> 01 04 04 00 43 01 00 01 B2
15:52:58 CC: 05 00 01 A6 00 -> 01 04 05 00 10 00 02 00 E4
15:52:58 CC: 03 00 01 A6 00 -> 01 04 03 00 00 00 00 00 F8
15:52:58 CC: 02 00 01 E5 00 -> 01 0B 02 00 30 05 00 05 00 06 08 04 02 04 02 9E
15:52:58 CC: 04 00 01 A6 00 -> 01 04 04 00 43 01 00 01 B2
15:52:58 CC: 05 00 01 A6 00 -> 01 04 05 00 10 00 02 00 E4
15:52:58 CC: 03 00 01 A6 00 -> 01 04 03 00 00 00 00 00 F8
15:52:58 CC: 04 00 01 A6 00 -> 01 04 04 00 43 01 00 01 B2
15:52:59 CC: 05 00 01 A6 00 -> 01 04 05 00 10 00 02 00 E4
15:52:59 CC: 02 00 01 E5 00 -> 01 0B 02 00 30 05 00 05 00 06 08 04 02 04 02 9E
15:52:59 CC: 03 00 01 A6 00 -> 01 04 03 00 00 00 00 00 F8
15:52:59 CC: 04 00 01 A6 00 -> 01 04 04 00 43 01 00 01 B2
15:52:59 CC: 05 00 01 A6 00 -> 01 04 05 00 10 00 02 00 E4
15:53:00 CC: 03 00 01 A6 00 -> 01 04 03 00 00 00 00 00 F8
15:53:00 CC: 04 00 01 A6 00 -> 01 04 04 00 43 01 00 01 B2
15:53:00 CC: 02 00 01 E5 00 -> 01 0B 02 00 30 05 00 05 00 06 08 04 02 04 02 9E
15:53:00 CC: 05 00 01 A6 00 -> 01 04 05 00 10 00 02 00 E4
15:53:00 CC: 03 00 01 A6 00 -> 01 04 03 00 00 00 00 00 F8
15:53:00 CC: 04 00 01 A6 00 -> 01 04 04 00 43 01 00 01 B2
15:53:00 CC: 05 00 01 A6 00 -> 01 04 05 00 10 00 02 00 E4
15:53:01 CC: 03 00 01 A6 00 -> 01 04 03 00 00 00 00 00 F8
15:53:01 CC: 02 00 01 E5 00 -> 01 0B 02 00 30 05 00 05 00 06 08 04 02 04 02 9E
15:53:01 CC: 04 00 01 A6 00 -> 01 04 04 00 43 01 00 01 B2
15:53:01 CC: 05 00 01 A6 00 -> 01 04 05 00 10 00 02 00 E4
15:53:01 CC: 03 00 01 A6 00 -> 01 04 03 00 00 00 00 00 F8
15:53:01 CC: 04 00 01 A6 00 -> 01 04 04 00 43 01 00 01 B2
15:53:02 CC: 05 00 01 A6 00 -> 01 04 05 00 10 00 02 00 E4
15:53:02 CC: 02 00 01 E5 00 -> 01 0B 02 00 30 05 00 05 00 06 08 04 02 04 02 9E
15:53:02 CC: 03 00 01 A6 00 -> 01 04 03 00 00 00 00 00 F8
15:53:02 CC: 04 00 01 A6 00 -> 01 04 04 00 43 01 00 01 B2
15:53:02 CC: 05 00 01 A6 00 -> 01 04 05 00 10 00 02 00 E4
15:53:02 CC: 03 00 01 A6 00 -> 01 04 03 00 00 00 00 00 F8
15:53:03 CC: 04 00 01 A6 00 -> 01 04 04 00 43 01 00 01 B2
15:53:03 CC: 02 00 01 E5 00 -> 01 0B 02 00 30 05 00 05 00 06 08 04 02 04 02 9E
15:53:03 CC: 05 00 01 A6 00 -> 01 04 05 00 10 00 02 00 E4
15:53:03 CC: 03 00 01 A6 00 -> 01 04 03 00 00 00 00 00 F8
15:53:03 CC: 04 00 01 A6 00 -> 01 04 04 00 43 01 00 01 B2
15:53:03 CC: 05 00 01 A6 00 -> 01 04 05 00 10 00 02 00 E4
15:53:04 CC: 03 00 01 A6 00 -> 01 04 03 00 00 00 00 00 F8
15:53:04 CC: 02 00 01 E5 00 -> 01 0B 02 00 30 05 00 05 00 06 08 04 02 04 02 9E
15:53:04 CC: 04 00 01 A6 00 -> 01 04 04 00 43 01 00 01 B2
15:53:04 CC: 05 00 01 A6 00 -> 01 04 05 00 10 00 02 00 E4
15:53:04 CC: 03 00 01 A6 00 -> 01 04 03 00 00 00 00 00 F8
15:53:04 CC: 04 00 01 A6 00 -> 01 04 04 00 43 01 00 01 B2
15:53:05 CC: 05 00 01 A6 00 -> 01 04 05 00 10 00 02 00 E4
15:53:05 CC: 02 00 01 E5 00 -> 01 0B 02 00 30 05 00 05 00 06 08 04 02 04 02 9E
15:53:05 CC: 03 00 01 A6 00 -> 01 04 03 00 00 00 00 00 F8
15:53:05 CC: 04 00 01 A6 00 -> 01 04 04 00 43 01 00 01 B2
15:53:05 CC: 05 00 01 A6 00 -> 01 04 05 00 10 00 02 00 E4
15:53:05 CC: 03 00 01 A6 00 -> 01 04 03 00 00 00 00 00 F8
15:53:06 CC: 04 00 01 A6 00 -> 01 04 04 00 43 01 00 01 B2
15:53:06 CC: 02 00 01 E5 00 -> 01 0B 02 00 30 05 00 05 00 06 08 04 02 04 02 9E
15:53:06 CC: 05 00 01 A6 00 -> 01 04 05 00 10 00 02 00 E4
15:53:06 CC: 03 00 01 A6 00 -> 01 04 03 00 00 00 00 00 F8
15:53:06 CC: 04 00 01 A6 00 -> 01 04 04 00 43 01 00 01 B2
15:53:06 CC: 05 00 01 A6 00 -> 01 04 05 00 10 00 02 00 E4
15:53:07 CC: 03 00 01 A6 00 -> 01 04 03 00 00 00 00 00 F8
15:53:07 CC: 02 00 01 E5 00 -> 01 0B 02 00 30 05 00 05 00 06 08 04 02 04 02 9E
15:53:07 CC: 04 00 01 A6 00 -> 01 04 04 00 43 01 00 01 B2
15:53:07 CC: 05 00 01 A6 00 -> 01 04 05 00 10 00 02 00 E4
15:53:07 CC: 03 00 01 A6 00 -> 01 04 03 00 00 00 00 00 F8
15:53:07 CC: 04 00 01 A6 00 -> 01 04 04 00 43 01 00 01 B2
15:53:08 CC: 05 00 01 A6 00 -> 01 04 05 00 10 00 02 00 E4
15:53:08 CC: 02 00 01 E5 00 -> 01 0B 02 00 30 05 00 05 00 06 08 04 02 04 02 9E
15:53:08 CC: 03 00 01 A6 00 -> 01 04 03 00 00 00 00 00 F8
15:53:08 CC: 04 00 01 A6 00 -> 01 04 04 00 43 01 00 01 B2
15:53:08 CC: 05 00 01 A6 00 -> 01 04 05 00 10 00 02 00 E4
15:53:08 CC: 03 00 01 A6 00 -> 01 04 03 00 00 00 00 00 F8
15:53:09 CC: 04 00 01 A6 00 -> 01 04 04 00 43 01 00 01 B2
15:53:09 CC: 02 00 01 E5 00 -> 01 0B 02 00 30 05 00 05 00 06 08 04 02 04 02 9E
15:53:09 CC: 05 00 01 A6 00 -> 01 04 05 00 10 00 02 00 E4
15:53:09 CC: 03 00 01 A6 00 -> 01 04 03 00 00 00 00 00 F8
15:53:09 CC: 04 00 01 A6 00 -> 01 04 04 00 43 01 00 01 B2
15:53:09 CC: 05 00 01 A6 00 -> 01 04 05 00 10 00 02 00 E4
15:53:10 CC: 03 00 01 A6 00 -> 01 04 03 00 00 00 00 00 F8
15:53:10 CC: 02 00 01 E5 00 -> 01 0B 02 00 30 05 00 05 00 06 08 04 02 04 02 9E
15:53:10 CC: 04 00 01 A6 00 -> 01 04 04 00 43 01 00 01 B2
15:53:10 CC: 05 00 01 A6 00 -> 01 04 05 00 10 00 02 00 E4
15:53:10 CC: 03 00 01 A6 00 -> 01 04 03 00 00 00 00 00 F8
15:53:10 CC: 04 00 01 A6 00 -> 01 04 04 00 43 01 00 01 B2
15:53:11 CC: 05 00 01 A6 00 -> 01 04 05 00 10 00 02 00 E4
15:53:11 CC: 02 00 01 E5 00 -> 01 0B 02 00 30 05 00 05 00 06 08 04 02 04 02 9E
15:53:11 CC: 03 00 01 A6 00 -> 01 04 03 00 00 00 00 00 F8
15:53:11 CC: 04 00 01 A6 00 -> 01 04 04 00 43 01 00 01 B2
15:53:11 CC: 05 00 01 A6 00 -> 01 04 05 00 10 00 02 00 E4
15:53:11 CC: 03 00 01 A6 00 -> 01 04 03 00 00 00 00 00 F8
15:53:12 CC: 04 00 01 A6 00 -> 01 04 04 00 43 01 00 01 B2
15:53:12 CC: 02 00 01 E5 00 -> 01 0B 02 00 30 05 00 05 00 06 08 04 02 04 02 9E
15:53:12 CC: 05 00 01 A6 00 -> 01 04 05 00 10 00 02 00 E4
15:53:12 CC: 03 00 01 A6 00 -> 01 04 03 00 00 00 00 00 F8
15:53:12 CC: 04 00 01 A6 00 -> 01 04 04 00 43 01 00 01 B2
15:53:12 CC: 05 00 01 A6 00 -> 01 04 05 00 10 00 02 00 E4
15:53:13 CC: 03 00 01 A6 00 -> 01 04 03 00 00 00 00 00 F8
15:53:13 CC: 02 00 01 E5 00 -> 01 0B 02 00 30 05 00 05 00 06 08 04 02 04 02 9E
15:53:13 CC: 04 00 01 A6 00 -> 01 04 04 00 43 01 00 01 B2
15:53:13 CC: 05 00 01 A6 00 -> 01 04 05 00 10 00 02 00 E4
15:53:13 CC: 03 00 01 A6 00 -> 01 04 03 00 00 00 00 00 F8
15:53:13 CC: 04 00 01 A6 00 -> 01 04 04 00 43 01 00 01 B2
15:53:14 CC: 05 00 01 A6 00 -> 01 04 05 00 10 00 02 00 E4
15:53:14 CC: 02 00 01 E5 00 -> 01 0B 02 00 30 05 00 05 00 06 08 04 02 04 02 9E
15:53:14 CC: 03 00 01 A6 00 -> 01 04 03 00 00 00 00 00 F8
15:53:14 CC: 04 00 01 A6 00 -> 01 04 04 00 43 01 00 01 B2
15:53:14 CC: 05 00 01 A6 00 -> 01 04 05 00 10 00 02 00 E4
15:53:14 CC: 03 00 01 A6 00 -> 01 04 03 00 00 00 00 00 F8
15:53:15 CC: 04 00 01 A6 00 -> 01 04 04 00 43 01 00 01 B2
15:53:15 CC: 02 00 01 E5 00 -> 01 0B 02 00 30 05 00 05 00 06 08 04 02 04 02 9E
15:53:15 CC: 05 00 01 A6 00 -> 01 04 05 00 10 00 02 00 E4
15:53:15 CC: 03 00 01 A6 00 -> 01 04 03 00 00 00 00 00 F8
15:53:15 CC: 04 00 01 A6 00 -> 01 04 04 00 43 01 00 01 B2
15:53:15 CC: 05 00 01 A6 00 -> 01 04 05 00 10 00 02 00 E4
15:53:16 CC: 03 00 01 A6 00 -> 01 04 03 00 00 00 00 00 F8
15:53:16 CC: 02 00 01 E5 00 -> 01 0B 02 00 30 05 00 05 00 06 08 04 02 04 02 9E
15:53:16 CC: 04 00 01 A6 00 -> 01 04 04 00 43 01 00 01 B2
15:53:16 CC: 05 00 01 A6 00 -> 01 04 05 00 10 00 02 00 E4
15:53:16 CC: 03 00 01 A6 00 -> 01 04 03 00 00 00 00 00 F8
15:53:16 CC: 04 00 01 A6 00 -> 01 04 04 00 43 01 00 01 B2
15:53:17 CC: 05 00 01 A6 00 -> 01 04 05 00 10 00 02 00 E4
15:53:17 CC: 02 00 01 E5 00 -> 01 0B 02 00 30 05 00 05 00 06 08 04 02 04 02 9E
15:53:17 CC: 03 00 01 A6 00 -> 01 04 03 00 00 00 00 00 F8
15:53:17 CC: 04 00 01 A6 00 -> 01 04 04 00 43 01 00 01 B2
15:53:17 CC: 05 00 01 A6 00 -> 01 04 05 00 10 00 02 00 E4
15:53:17 CC: 03 00 01 A6 00 -> 01 04 03 00 00 00 00 00 F8
15:53:18 CC: 04 00 01 A6 00 -> 01 04 04 00 43 01 00 01 B2
15:53:18 CC: 02 00 01 E5 00 -> 01 0B 02 00 30 05 00 05 00 06 08 04 02 04 02 9E
15:53:18 CC: 05 00 01 A6 00 -> 01 04 05 00 10 00 02 00 E4
15:53:18 CC: 03 00 01 A6 00 -> 01 04 03 00 00 00 00 00 F8
15:53:18 CC: 04 00 01 A6 00 -> 01 04 04 00 43 01 00 01 B2
15:53:18 CC: 05 00 01 A6 00 -> 01 04 05 00 10 00 02 00 E4
15:53:19 CC: 03 00 01 A6 00 -> 01 04 03 00 00 00 00 00 F8
15:53:19 CC: 02 00 01 E5 00 -> 01 0B 02 00 30 05 00 05 00 06 08 04 02 04 02 9E
15:53:19 CC: 04 00 01 A6 00 -> 01 04 04 00 43 01 00 01 B2
15:53:19 CC: 05 00 01 A6 00 -> 01 04 05 00 10 00 02 00 E4
15:53:19 CC: 03 00 01 A6 00 -> 01 04 03 00 00 00 00 00 F8
15:53:19 CC: 04 00 01 A6 00 -> 01 04 04 00 43 01 00 01 B2
15:53:20 CC: 05 00 01 A6 00 -> 01 04 05 00 10 00 02 00 E4
15:53:20 CC: 02 00 01 E5 00 -> 01 0B 02 00 30 05 00 05 00 06 08 04 02 04 02 9E
15:53:20 CC: 03 00 01 A6 00 -> 01 04 03 00 00 00 00 00 F8
15:53:20 CC: 04 00 01 A6 00 -> 01 04 04 00 43 01 00 01 B2
15:53:20 CC: 05 00 01 A6 00 -> 01 04 05 00 10 00 02 00 E4
15:53:20 CC: 03 00 01 A6 00 -> 01 04 03 00 00 00 00 00 F8
15:53:21 CC: 04 00 01 A6 00 -> 01 04 04 00 43 01 00 01 B2
15:53:21 CC: 02 00 01 E5 00 -> 01 0B 02 00 30 05 00 05 00 06 08 04 02 04 02 9E
15:53:21 CC: 05 00 01 A6 00 -> 01 04 05 00 10 00 02 00 E4
15:53:21 CC: 03 00 01 A6 00 -> 01 04 03 00 00 00 00 00 F8
15:53:21 CC: 04 00 01 A6 00 -> 01 04 04 00 43 01 00 01 B2
15:53:21 CC: 05 00 01 A6 00 -> 01 04 05 00 10 00 02 00 E4
15:53:22 CC: 03 00 01 A6 00 -> 01 04 03 00 00 00 00 00 F8
15:53:22 CC: 02 00 01 E5 00 -> 01 0B 02 00 30 05 00 05 00 06 08 04 02 04 02 9E
15:53:22 CC: 04 00 01 A6 00 -> 01 04 04 00 43 01 00 01 B2
15:53:22 CC: 05 00 01 A6 00 -> 01 04 05 00 10 00 02 00 E4
15:53:22 CC: 03 00 01 A6 00 -> 01 04 03 00 00 00 00 00 F8
15:53:22 CC: 04 00 01 A6 00 -> 01 04 04 00 43 01 00 01 B2
15:53:23 CC: 05 00 01 A6 00 -> 01 04 05 00 10 00 02 00 E4
15:53:23 CC: 02 00 01 E5 00 -> 01 0B 02 00 30 05 00 05 00 06 08 04 02 04 02 9E
15:53:23 CC: 03 00 01 A6 00 -> 01 04 03 00 00 00 00 00 F8
15:53:23 CC: 04 00 01 A6 00 -> 01 04 04 00 43 01 00 01 B2
15:53:23 CC: 05 00 01 A6 00 -> 01 04 05 00 10 00 02 00 E4
15:53:23 CC: 03 00 01 A6 00 -> 01 04 03 00 00 00 00 00 F8
15:53:24 CC: 04 00 01 A6 00 -> 01 04 04 00 43 01 00 01 B2
15:53:24 CC: 02 00 01 E5 00 -> 01 0B 02 00 30 05 00 05 00 06 08 04 02 04 02 9E
15:53:24 CC: 05 00 01 A6 00 -> 01 04 05 00 10 00 02 00 E4
15:53:24 CC: 03 00 01 A6 00 -> 01 04 03 00 00 00 00 00 F8
15:53:24 CC: 04 00 01 A6 00 -> 01 04 04 00 43 01 00 01 B2
15:53:24 CC: 05 00 01 A6 00 -> 01 04 05 00 10 00 02 00 E4
15:53:25 CC: 03 00 01 A6 00 -> 01 04 03 00 00 00 00 00 F8
15:53:25 CC: 02 00 01 E5 00 -> 01 0B 02 00 30 05 00 05 00 06 08 04 02 04 02 9E
15:53:25 CC: 04 00 01 A6 00 -> 01 04 04 00 43 01 00 01 B2
15:53:25 CC: 05 00 01 A6 00 -> 01 04 05 00 10 00 02 00 E4
15:53:25 CC: 03 00 01 A6 00 -> 01 04 03 00 00 00 00 00 F8
15:53:25 CC: 04 00 01 A6 00 -> 01 04 04 00 43 01 00 01 B2
15:53:26 CC: 05 00 01 A6 00 -> 01 04 05 00 10 00 02 00 E4
15:53:26 CC: 02 00 01 E5 00 -> 01 0B 02 00 30 05 00 05 00 06 08 04 02 04 02 9E
15:53:26 CC: 03 00 01 A6 00 -> 01 04 03 00 00 00 00 00 F8
15:53:26 CC: 04 00 01 A6 00 -> 01 04 04 00 43 01 00 01 B2
15:53:26 CC: 05 00 01 A6 00 -> 01 04 05 00 10 00 02 00 E4
15:53:26 CC: 03 00 01 A6 00 -> 01 04 03 00 00 00 00 00 F8
15:53:27 CC: 04 00 01 A6 00 -> 01 04 04 00 43 01 00 01 B2
15:53:27 CC: 02 00 01 E5 00 -> 01 0B 02 00 30 05 00 05 00 06 08 04 02 04 02 9E
15:53:27 CC: 05 00 01 A6 00 -> 01 04 05 00 10 00 02 00 E4
15:53:27 CC: 03 00 01 A6 00 -> 01 04 03 00 00 00 00 00 F8
15:53:27 CC: 04 00 01 A6 00 -> 01 04 04 00 43 01 00 01 B2
15:53:27 CC: 05 00 01 A6 00 -> 01 04 05 00 10 00 02 00 E4
15:53:28 CC: 03 00 01 A6 00 -> 01 04 03 00 00 00 00 00 F8
15:53:28 CC: 02 00 01 E5 00 -> 01 0B 02 00 30 05 00 05 00 06 08 04 02 04 02 9E
15:53:28 CC: 04 00 01 A6 00 -> 01 04 04 00 43 01 00 01 B2
15:53:28 CC: 05 00 01 A6 00 -> 01 04 05 00 10 00 02 00 E4
15:53:28 CC: 03 00 01 A6 00 -> 01 04 03 00 00 00 00 00 F8
15:53:28 CC: 04 00 01 A6 00 -> 01 04 04 00 43 01 00 01 B2
15:53:29 CC: 05 00 01 A6 00 -> 01 04 05 00 10 00 02 00 E4
15:53:29 CC: 02 00 01 E5 00 -> 01 0B 02 00 30 05 00 05 00 06 08 04 02 04 02 9E
15:53:29 CC: 03 00 01 A6 00 -> 01 04 03 00 00 00 00 00 F8
15:53:29 CC: 04 00 01 A6 00 -> 01 04 04 00 43 01 00 01 B2
15:53:29 CC: 05 00 01 A6 00 -> 01 04 05 00 10 00 02 00 E4
15:53:29 CC: 03 00 01 A6 00 -> 01 04 03 00 00 00 00 00 F8
15:53:30 CC: 04 00 01 A6 00 -> 01 04 04 00 43 01 00 01 B2
15:53:30 CC: 02 00 01 E5 00 -> 01 0B 02 00 30 05 00 05 00 06 08 04 02 04 02 9E
15:53:30 CC: 05 00 01 A6 00 -> 01 04 05 00 10 00 02 00 E4
15:53:30 CC: 03 00 01 A6 00 -> 01 04 03 00 00 00 00 00 F8
15:53:30 CC: 04 00 01 A6 00 -> 01 04 04 00 43 01 00 01 B2
15:53:30 CC: 05 00 01 A6 00 -> 01 04 05 00 10 00 02 00 E4
15:53:31 CC: 03 00 01 A6 00 -> 01 04 03 00 00 00 00 00 F8
15:53:31 CC: 02 00 01 E5 00 -> 01 0B 02 00 30 05 00 05 00 06 08 04 02 04 02 9E
15:53:31 CC: 04 00 01 A6 00 -> 01 04 04 00 43 01 00 01 B2
15:53:31 CC: 05 00 01 A6 00 -> 01 04 05 00 10 00 02 00 E4
15:53:31 CC: 03 00 01 A6 00 -> 01 04 03 00 00 00 00 00 F8
15:53:31 CC: 04 00 01 A6 00 -> 01 04 04 00 43 01 00 01 B2
15:53:32 CC: 05 00 01 A6 00 -> 01 04 05 00 10 00 02 00 E4
15:53:32 CC: 02 00 01 E5 00 -> 01 0B 02 00 30 05 00 05 00 06 08 04 02 04 02 9E
15:53:32 CC: 03 00 01 A6 00 -> 01 04 03 00 00 00 00 00 F8
15:53:32 CC: 04 00 01 A6 00 -> 01 04 04 00 43 01 00 01 B2
15:53:32 CC: 05 00 01 A6 00 -> 01 04 05 00 10 00 02 00 E4
15:53:32 CC: 03 00 01 A6 00 -> 01 04 03 00 00 00 00 00 F8
15:53:33 CC: 04 00 01 A6 00 -> 01 04 04 00 43 01 00 01 B2
15:53:33 CC: 02 00 01 E5 00 -> 01 0B 02 00 30 05 00 05 00 06 08 04 02 04 02 9E
15:53:33 CC: 05 00 01 A6 00 -> 01 04 05 00 10 00 02 00 E4
15:53:33 CC: 03 00 01 A6 00 -> 01 04 03 00 00 00 00 00 F8
15:53:33 CC: 04 00 01 A6 00 -> 01 04 04 00 43 01 00 01 B2
15:53:33 CC: 05 00 01 A6 00 -> 01 04 05 00 10 00 02 00 E4
15:53:34 CC: 03 00 01 A6 00 -> 01 04 03 00 00 00 00 00 F8
15:53:34 CC: 02 00 01 E5 00 -> 01 0B 02 00 30 05 00 05 00 06 08 04 02 04 02 9E
15:53:34 CC: 04 00 01 A6 00 -> 01 04 04 00 43 01 00 01 B2
15:53:34 CC: 05 00 01 A6 00 -> 01 04 05 00 10 00 02 00 E4
15:53:34 CC: 03 00 01 A6 00 -> 01 04 03 00 00 00 00 00 F8
15:53:34 CC: 04 00 01 A6 00 -> 01 04 04 00 43 01 00 01 B2
15:53:35 CC: 05 00 01 A6 00 -> 01 04 05 00 10 00 02 00 E4
15:53:35 CC: 02 00 01 E5 00 -> 01 0B 02 00 30 05 00 05 00 06 08 04 02 04 02 9E
15:53:35 CC: 03 00 01 A6 00 -> 01 04 03 00 00 00 00 00 F8
15:53:35 CC: 04 00 01 A6 00 -> 01 04 04 00 43 01 00 01 B2
15:53:35 CC: 05 00 01 A6 00 -> 01 04 05 00 10 00 02 00 E4
15:53:35 CC: 03 00 01 A6 00 -> 01 04 03 00 00 00 00 00 F8
15:53:36 CC: 04 00 01 A6 00 -> 01 04 04 00 43 01 00 01 B2
15:53:36 CC: 02 00 01 E5 00 -> 01 0B 02 00 30 05 00 05 00 06 08 04 02 04 02 9E
15:53:36 CC: 05 00 01 A6 00 -> 01 04 05 00 10 00 02 00 E4
15:53:36 CC: 03 00 01 A6 00 -> 01 04 03 00 00 00 00 00 F8
15:53:36 CC: 04 00 01 A6 00 -> 01 04 04 00 43 01 00 01 B2
15:53:36 CC: 05 00 01 A6 00 -> 01 04 05 00 10 00 02 00 E4
15:53:37 CC: 03 00 01 A6 00 -> 01 04 03 00 00 00 00 00 F8
15:53:37 CC: 02 00 01 E5 00 -> 01 0B 02 00 30 05 00 05 00 06 08 04 02 04 02 9E
15:53:37 CC: 04 00 01 A6 00 -> 01 04 04 00 43 01 00 01 B2
15:53:37 CC: 05 00 01 A6 00 -> 01 04 05 00 10 00 02 00 E4
15:53:37 CC: 03 00 01 A6 00 -> 01 04 03 00 00 00 00 00 F8
15:53:37 CC: 04 00 01 A6 00 -> 01 04 04 00 43 01 00 01 B2
15:53:38 CC: 05 00 01 A6 00 -> 01 04 05 00 10 00 02 00 E4
15:53:38 CC: 02 00 01 E5 00 -> 01 0B 02 00 30 05 00 05 00 06 08 04 02 04 02 9E
15:53:38 CC: 03 00 01 A6 00 -> 01 04 03 00 00 00 00 00 F8
15:53:38 CC: 04 00 01 A6 00 -> 01 04 04 00 43 01 00 01 B2
15:53:38 CC: 05 00 01 A6 00 -> 01 04 05 00 10 00 02 00 E4
15:53:38 CC: 03 00 01 A6 00 -> 01 04 03 00 00 00 00 00 F8
15:53:39 CC: 04 00 01 A6 00 -> 01 04 04 00 43 01 00 01 B2
15:53:39 CC: 02 00 01 E5 00 -> 01 0B 02 00 30 05 00 05 00 06 08 04 02 04 02 9E
15:53:39 CC: 05 00 01 A6 00 -> 01 04 05 00 10 00 02 00 E4
15:53:39 CC: 03 00 01 A6 00 -> 01 04 03 00 00 00 00 00 F8
15:53:39 CC: 04 00 01 A6 00 -> 01 04 04 00 43 01 00 01 B2
15:53:39 CC: 05 00 01 A6 00 -> 01 04 05 00 10 00 02 00 E4
15:53:40 CC: 03 00 01 A6 00 -> 01 04 03 00 00 00 00 00 F8
15:53:40 CC: 02 00 01 E5 00 -> 01 0B 02 00 30 05 00 05 00 06 08 04 02 04 02 9E
15:53:40 CC: 04 00 01 A6 00 -> 01 04 04 00 43 01 00 01 B2
15:53:40 CC: 05 00 01 A6 00 -> 01 04 05 00 10 00 02 00 E4
15:53:40 CC: 03 00 01 A6 00 -> 01 04 03 00 00 00 00 00 F8
15:53:40 CC: 04 00 01 A6 00 -> 01 04 04 00 43 01 00 01 B2
15:53:41 CC: 05 00 01 A6 00 -> 01 04 05 00 10 00 02 00 E4
15:53:41 CC: 02 00 01 E5 00 -> 01 0B 02 00 30 05 00 05 00 06 08 04 02 04 02 9E
15:53:41 CC: 03 00 01 A6 00 -> 01 04 03 00 00 00 00 00 F8
15:53:41 CC: 04 00 01 A6 00 -> 01 04 04 00 43 01 00 01 B2
15:53:41 CC: 05 00 01 A6 00 -> 01 04 05 00 10 00 02 00 E4
15:53:41 CC: 03 00 01 A6 00 -> 01 04 03 00 00 00 00 00 F8
15:53:42 CC: 04 00 01 A6 00 -> 01 04 04 00 43 01 00 01 B2
15:53:42 CC: 02 00 01 E5 00 -> 01 0B 02 00 30 05 00 05 00 06 08 04 02 04 02 9E
15:53:42 CC: 05 00 01 A6 00 -> 01 04 05 00 10 00 02 00 E4
15:53:42 CC: 03 00 01 A6 00 -> 01 04 03 00 00 00 00 00 F8
15:53:42 CC: 04 00 01 A6 00 -> 01 04 04 00 43 01 00 01 B2
15:53:42 CC: 05 00 01 A6 00 -> 01 04 05 00 10 00 02 00 E4
15:53:43 CC: 03 00 01 A6 00 -> 01 04 03 00 00 00 00 00 F8
15:53:43 CC: 02 00 01 E5 00 -> 01 0B 02 00 30 05 00 05 00 06 08 04 02 04 02 9E
15:53:43 CC: 04 00 01 A6 00 -> 01 04 04 00 43 01 00 01 B2
15:53:43 CC: 05 00 01 A6 00 -> 01 04 05 00 10 00 02 00 E4
15:53:43 CC: 03 00 01 A6 00 -> 01 04 03 00 00 00 00 00 F8
15:53:43 CC: 04 00 01 A6 00 -> 01 04 04 00 43 01 00 01 B2
15:53:44 CC: 05 00 01 A6 00 -> 01 04 05 00 10 00 02 00 E4
15:53:44 CC: 02 00 01 E5 00 -> 01 0B 02 00 30 05 00 05 00 06 08 04 02 04 02 9E
15:53:44 CC: 03 00 01 A6 00 -> 01 04 03 00 00 00 00 00 F8
15:53:44 CC: 04 00 01 A6 00 -> 01 04 04 00 43 01 00 01 B2
15:53:44 CC: 05 00 01 A6 00 -> 01 04 05 00 10 00 02 00 E4
15:53:44 CC: 03 00 01 A6 00 -> 01 04 03 00 00 00 00 00 F8
15:53:45 CC: 04 00 01 A6 00 -> 01 04 04 00 43 01 00 01 B2
15:53:45 CC: 02 00 01 E5 00 -> 01 0B 02 00 30 05 00 05 00 06 08 04 02 04 02 9E
15:53:45 CC: 05 00 01 A6 00 -> 01 04 05 00 10 00 02 00 E4
15:53:45 CC: 03 00 01 A6 00 -> 01 04 03 00 00 00 00 00 F8
15:53:45 CC: 04 00 01 A6 00 -> 01 04 04 00 43 01 00 01 B2
15:53:45 CC: 05 00 01 A6 00 -> 01 04 05 00 10 00 02 00 E4
15:53:46 CC: 03 00 01 A6 00 -> 01 04 03 00 00 00 00 00 F8
15:53:46 CC: 02 00 01 E5 00 -> 01 0B 02 00 30 05 00 05 00 06 08 04 02 04 02 9E
15:53:46 CC: 04 00 01 A6 00 -> 01 04 04 00 43 01 00 01 B2
15:53:46 CC: 05 00 01 A6 00 -> 01 04 05 00 10 00 02 00 E4
15:53:46 CC: 03 00 01 A6 00 -> 01 04 03 00 00 00 00 00 F8
15:53:46 CC: 04 00 01 A6 00 -> 01 04 04 00 43 01 00 01 B2
15:53:47 CC: 05 00 01 A6 00 -> 01 04 05 00 10 00 02 00 E4
15:53:47 CC: 02 00 01 E5 00 -> 01 0B 02 00 30 05 00 05 00 06 08 04 02 04 02 9E
15:53:47 CC: 03 00 01 A6 00 -> 01 04 03 00 00 00 00 00 F8
15:53:47 CC: 04 00 01 A6 00 -> 01 04 04 00 43 01 00 01 B2
15:53:47 CC: 05 00 01 A6 00 -> 01 04 05 00 10 00 02 00 E4
15:53:47 CC: 03 00 01 A6 00 -> 01 04 03 00 00 00 00 00 F8
15:53:48 CC: 04 00 01 A6 00 -> 01 04 04 00 43 01 00 01 B2
15:53:48 CC: 02 00 01 E5 00 -> 01 0B 02 00 30 05 00 05 00 06 08 04 02 04 02 9E
15:53:48 CC: 05 00 01 A6 00 -> 01 04 05 00 10 00 02 00 E4
15:53:48 CC: 03 00 01 A6 00 -> 01 04 03 00 00 00 00 00 F8
15:53:48 CC: 04 00 01 A6 00 -> 01 04 04 00 43 01 00 01 B2
15:53:48 CC: 05 00 01 A6 00 -> 01 04 05 00 10 00 02 00 E4
15:53:49 CC: 03 00 01 A6 00 -> 01 04 03 00 00 00 00 00 F8
15:53:49 CC: 02 00 01 E5 00 -> 01 0B 02 00 30 05 00 05 00 06 08 04 02 04 02 9E
15:53:49 CC: 04 00 01 A6 00 -> 01 04 04 00 43 01 00 01 B2
15:53:49 CC: 05 00 01 A6 00 -> 01 04 05 00 10 00 02 00 E4
15:53:49 CC: 03 00 01 A6 00 -> 01 04 03 00 00 00 00 00 F8
15:53:49 CC: 04 00 01 A6 00 -> 01 04 04 00 43 01 00 01 B2
15:53:50 CC: 05 00 01 A6 00 -> 01 04 05 00 10 00 02 00 E4
15:53:50 CC: 02 00 01 E5 00 -> 01 0B 02 00 30 05 00 05 00 06 08 04 02 04 02 9E
15:53:50 CC: 03 00 01 A6 00 -> 01 04 03 00 00 00 00 00 F8
15:53:50 CC: 04 00 01 A6 00 -> 01 04 04 00 43 01 00 01 B2
15:53:50 CC: 05 00 01 A6 00 -> 01 04 05 00 10 00 02 00 E4
15:53:50 CC: 03 00 01 A6 00 -> 01 04 03 00 00 00 00 00 F8
15:53:51 CC: 04 00 01 A6 00 -> 01 04 04 00 43 01 00 01 B2
15:53:51 CC: 02 00 01 E5 00 -> 01 0B 02 00 30 05 00 05 00 06 08 04 02 04 02 9E
15:53:51 CC: 05 00 01 A6 00 -> 01 04 05 00 10 00 02 00 E4
15:53:51 CC: 03 00 01 A6 00 -> 01 04 03 00 00 00 00 00 F8
15:53:51 CC: 04 00 01 A6 00 -> 01 04 04 00 43 01 00 01 B2
15:53:51 CC: 05 00 01 A6 00 -> 01 04 05 00 10 00 02 00 E4
15:53:52 CC: 03 00 01 A6 00 -> 01 04 03 00 00 00 00 00 F8
15:53:52 CC: 02 00 01 E5 00 -> 01 0B 02 00 30 05 00 05 00 06 08 04 02 04 02 9E
15:53:52 CC: 04 00 01 A6 00 -> 01 04 04 00 43 01 00 01 B2
15:53:52 CC: 05 00 01 A6 00 -> 01 04 05 00 10 00 02 00 E4
15:53:52 CC: 03 00 01 A6 00 -> 01 04 03 00 00 00 00 00 F8
15:53:52 CC: 04 00 01 A6 00 -> 01 04 04 00 43 01 00 01 B2
15:53:52 CC: 05 00 01 A6 00 -> 01 04 05 00 10 00 02 00 E4
15:53:53 CC: 02 00 01 E5 00 -> 01 0B 02 00 30 05 00 05 00 06 08 04 02 04 02 9E
15:53:53 CC: 03 00 01 A6 00 -> 01 04 03 00 00 00 00 00 F8
15:53:53 CC: 04 00 01 A6 00 -> 01 04 04 00 43 01 00 01 B2
15:53:53 CC: 05 00 01 A6 00 -> 01 04 05 00 10 00 02 00 E4
15:53:53 CC: 03 00 01 A6 00 -> 01 04 03 00 00 00 00 00 F8
15:53:53 CC: 04 00 01 A6 00 -> 01 04 04 00 43 01 00 01 B2
15:53:54 CC: 02 00 01 E5 00 -> 01 0B 02 00 30 05 00 05 00 06 08 04 02 04 02 9E
15:53:54 CC: 05 00 01 A6 00 -> 01 04 05 00 10 00 02 00 E4
15:53:54 CC: 03 00 01 A6 00 -> 01 04 03 00 00 00 00 00 F8
15:53:54 CC: 04 00 01 A6 00 -> 01 04 04 00 43 01 00 01 B2
15:53:54 CC: 05 00 01 A6 00 -> 01 04 05 00 10 00 02 00 E4
15:53:54 CC: 03 00 01 A6 00 -> 01 04 03 00 00 00 00 00 F8
15:53:55 CC: 02 00 01 E5 00 -> 01 0B 02 00 30 05 00 05 00 06 08 04 02 04 02 9E
15:53:55 CC: 04 00 01 A6 00 -> 01 04 04 00 43 01 00 01 B2
15:53:55 CC: 05 00 01 A6 00 -> 01 04 05 00 10 00 02 00 E4
15:53:55 CC: 03 00 01 A6 00 -> 01 04 03 00 00 00 00 00 F8
15:53:55 CC: 04 00 01 A6 00 -> 01 04 04 00 43 01 00 01 B2
15:53:55 CC: 05 00 01 A6 00 -> 01 04 05 00 10 00 02 00 E4
15:53:56 CC: 02 00 01 E5 00 -> 01 0B 02 00 30 05 00 05 00 06 08 04 02 04 02 9E
15:53:56 CC: 03 00 01 A6 00 -> 01 04 03 00 00 00 00 00 F8
15:53:56 CC: 04 00 01 A6 00 -> 01 04 04 00 43 01 00 01 B2
15:53:56 CC: 05 00 01 A6 00 -> 01 04 05 00 10 00 02 00 E4
15:53:56 CC: 03 00 01 A6 00 -> 01 04 03 00 00 00 00 00 F8
15:53:56 CC: 04 00 01 A6 00 -> 01 04 04 00 43 01 00 01 B2
15:53:57 CC: 02 00 01 E5 00 -> 01 0B 02 00 30 05 00 05 00 06 08 04 02 04 02 9E
15:53:57 CC: 05 00 01 A6 00 -> 01 04 05 00 10 00 02 00 E4
15:53:57 CC: 03 00 01 A6 00 -> 01 04 03 00 00 00 00 00 F8
15:53:57 CC: 04 00 01 A6 00 -> 01 04 04 00 43 01 00 01 B2
15:53:57 CC: 05 00 01 A6 00 -> 01 04 05 00 10 00 02 00 E4
15:53:57 CC: 03 00 01 A6 00 -> 01 04 03 00 00 00 00 00 F8
15:53:58 CC: 02 00 01 E5 00 -> 01 0B 02 00 30 05 00 05 00 06 08 04 02 04 02 9E
15:53:58 CC: 04 00 01 A6 00 -> 01 04 04 00 43 01 00 01 B2
15:53:58 CC: 05 00 01 A6 00 -> 01 04 05 00 10 00 02 00 E4
15:53:58 CC: 03 00 01 A6 00 -> 01 04 03 00 00 00 00 00 F8
